Component: ARM Compiler 5.06 update 4 (build 422) Tool: armlink [4d35d2]

==============================================================================

Section Cross References

    usart1_pm25.o(i.USART1_PM25_Init) refers to stm32f0xx_rcc.o(i.RCC_APB2PeriphClockCmd) for RCC_APB2PeriphClockCmd
    usart1_pm25.o(i.USART1_PM25_Init) refers to stm32f0xx_rcc.o(i.RCC_AHBPeriphClockCmd) for RCC_AHBPeriphClockCmd
    usart1_pm25.o(i.USART1_PM25_Init) refers to stm32f0xx_gpio.o(i.GPIO_Init) for GPIO_Init
    usart1_pm25.o(i.USART1_PM25_Init) refers to stm32f0xx_gpio.o(i.GPIO_PinAFConfig) for GPIO_PinAFConfig
    usart1_pm25.o(i.USART1_PM25_Init) refers to stm32f0xx_usart.o(i.USART_Init) for USART_Init
    usart1_pm25.o(i.USART1_PM25_Init) refers to stm32f0xx_misc.o(i.NVIC_Init) for NVIC_Init
    usart1_pm25.o(i.USART1_PM25_Init) refers to stm32f0xx_usart.o(i.USART_ITConfig) for USART_ITConfig
    usart1_pm25.o(i.USART1_PM25_Init) refers to stm32f0xx_usart.o(i.USART_Cmd) for USART_Cmd
    usart2.o(i.USART2_Init) refers to stm32f0xx_rcc.o(i.RCC_APB1PeriphClockCmd) for RCC_APB1PeriphClockCmd
    usart2.o(i.USART2_Init) refers to stm32f0xx_rcc.o(i.RCC_AHBPeriphClockCmd) for RCC_AHBPeriphClockCmd
    usart2.o(i.USART2_Init) refers to stm32f0xx_gpio.o(i.GPIO_PinAFConfig) for GPIO_PinAFConfig
    usart2.o(i.USART2_Init) refers to stm32f0xx_gpio.o(i.GPIO_Init) for GPIO_Init
    usart2.o(i.USART2_Init) refers to stm32f0xx_usart.o(i.USART_Init) for USART_Init
    usart2.o(i.USART2_Init) refers to stm32f0xx_usart.o(i.USART_Cmd) for USART_Cmd
    usart2.o(i.USART2_SendStr) refers to stm32f0xx_usart.o(i.USART_ClearFlag) for USART_ClearFlag
    usart2.o(i.USART2_SendStr) refers to stm32f0xx_usart.o(i.USART_SendData) for USART_SendData
    usart2.o(i.USART2_SendStr) refers to stm32f0xx_usart.o(i.USART_GetFlagStatus) for USART_GetFlagStatus
    usart2.o(i.fputc) refers to stm32f0xx_usart.o(i.USART_SendData) for USART_SendData
    usart2.o(i.fputc) refers to stm32f0xx_usart.o(i.USART_GetFlagStatus) for USART_GetFlagStatus
    usart3_co.o(i.USART3_CO_Init) refers to stm32f0xx_rcc.o(i.RCC_APB1PeriphClockCmd) for RCC_APB1PeriphClockCmd
    usart3_co.o(i.USART3_CO_Init) refers to stm32f0xx_rcc.o(i.RCC_AHBPeriphClockCmd) for RCC_AHBPeriphClockCmd
    usart3_co.o(i.USART3_CO_Init) refers to stm32f0xx_gpio.o(i.GPIO_Init) for GPIO_Init
    usart3_co.o(i.USART3_CO_Init) refers to stm32f0xx_gpio.o(i.GPIO_PinAFConfig) for GPIO_PinAFConfig
    usart3_co.o(i.USART3_CO_Init) refers to stm32f0xx_usart.o(i.USART_Init) for USART_Init
    usart3_co.o(i.USART3_CO_Init) refers to stm32f0xx_misc.o(i.NVIC_Init) for NVIC_Init
    usart3_co.o(i.USART3_CO_Init) refers to stm32f0xx_usart.o(i.USART_ITConfig) for USART_ITConfig
    usart3_co.o(i.USART3_CO_Init) refers to stm32f0xx_usart.o(i.USART_Cmd) for USART_Cmd
    usart3_co.o(i.USART3_SendStr) refers to stm32f0xx_usart.o(i.USART_ClearFlag) for USART_ClearFlag
    usart3_co.o(i.USART3_SendStr) refers to stm32f0xx_usart.o(i.USART_SendData) for USART_SendData
    usart3_co.o(i.USART3_SendStr) refers to stm32f0xx_usart.o(i.USART_GetFlagStatus) for USART_GetFlagStatus
    usart4_co2_t6703.o(i.USART4_CO2_T6703_Init) refers to stm32f0xx_rcc.o(i.RCC_APB1PeriphClockCmd) for RCC_APB1PeriphClockCmd
    usart4_co2_t6703.o(i.USART4_CO2_T6703_Init) refers to stm32f0xx_rcc.o(i.RCC_AHBPeriphClockCmd) for RCC_AHBPeriphClockCmd
    usart4_co2_t6703.o(i.USART4_CO2_T6703_Init) refers to stm32f0xx_gpio.o(i.GPIO_Init) for GPIO_Init
    usart4_co2_t6703.o(i.USART4_CO2_T6703_Init) refers to stm32f0xx_gpio.o(i.GPIO_PinAFConfig) for GPIO_PinAFConfig
    usart4_co2_t6703.o(i.USART4_CO2_T6703_Init) refers to stm32f0xx_usart.o(i.USART_Init) for USART_Init
    usart4_co2_t6703.o(i.USART4_CO2_T6703_Init) refers to stm32f0xx_misc.o(i.NVIC_Init) for NVIC_Init
    usart4_co2_t6703.o(i.USART4_CO2_T6703_Init) refers to stm32f0xx_usart.o(i.USART_ITConfig) for USART_ITConfig
    usart4_co2_t6703.o(i.USART4_CO2_T6703_Init) refers to stm32f0xx_usart.o(i.USART_Cmd) for USART_Cmd
    usart4_co2_t6703.o(i.USART4_SendStr) refers to stm32f0xx_usart.o(i.USART_ClearFlag) for USART_ClearFlag
    usart4_co2_t6703.o(i.USART4_SendStr) refers to stm32f0xx_usart.o(i.USART_SendData) for USART_SendData
    usart4_co2_t6703.o(i.USART4_SendStr) refers to stm32f0xx_usart.o(i.USART_GetFlagStatus) for USART_GetFlagStatus
    usart5_ch2o_as04.o(i.USART5_CH2O_AS04_Init) refers to stm32f0xx_rcc.o(i.RCC_APB1PeriphClockCmd) for RCC_APB1PeriphClockCmd
    usart5_ch2o_as04.o(i.USART5_CH2O_AS04_Init) refers to stm32f0xx_rcc.o(i.RCC_AHBPeriphClockCmd) for RCC_AHBPeriphClockCmd
    usart5_ch2o_as04.o(i.USART5_CH2O_AS04_Init) refers to stm32f0xx_gpio.o(i.GPIO_Init) for GPIO_Init
    usart5_ch2o_as04.o(i.USART5_CH2O_AS04_Init) refers to stm32f0xx_gpio.o(i.GPIO_PinAFConfig) for GPIO_PinAFConfig
    usart5_ch2o_as04.o(i.USART5_CH2O_AS04_Init) refers to stm32f0xx_usart.o(i.USART_Init) for USART_Init
[...]
    Removing stm32f0xx_tim.o(i.TIM_CCxNCmd), (30 bytes).
    Removing stm32f0xx_tim.o(i.TIM_ClearOC1Ref), (24 bytes).
    Removing stm32f0xx_tim.o(i.TIM_ClearOC2Ref), (20 bytes).
    Removing stm32f0xx_tim.o(i.TIM_ClearOC3Ref), (24 bytes).
    Removing stm32f0xx_tim.o(i.TIM_ClearOC4Ref), (20 bytes).
    Removing stm32f0xx_tim.o(i.TIM_CounterModeConfig), (24 bytes).
    Removing stm32f0xx_tim.o(i.TIM_CtrlPWMOutputs), (34 bytes).
    Removing stm32f0xx_tim.o(i.TIM_DMACmd), (20 bytes).
    Removing stm32f0xx_tim.o(i.TIM_DMAConfig), (12 bytes).
    Removing stm32f0xx_tim.o(i.TIM_ETRClockMode1Config), (52 bytes).
    Removing stm32f0xx_tim.o(i.TIM_ETRClockMode2Config), (34 bytes).
    Removing stm32f0xx_tim.o(i.TIM_ETRConfig), (24 bytes).
    Removing stm32f0xx_tim.o(i.TIM_EncoderInterfaceConfig), (68 bytes).
    Removing stm32f0xx_tim.o(i.TIM_ForcedOC1Config), (24 bytes).
    Removing stm32f0xx_tim.o(i.TIM_ForcedOC2Config), (24 bytes).
    Removing stm32f0xx_tim.o(i.TIM_ForcedOC3Config), (24 bytes).
    Removing stm32f0xx_tim.o(i.TIM_ForcedOC4Config), (24 bytes).
    Removing stm32f0xx_tim.o(i.TIM_GenerateEvent), (4 bytes).
    Removing stm32f0xx_tim.o(i.TIM_GetCapture1), (6 bytes).
    Removing stm32f0xx_tim.o(i.TIM_GetCapture2), (6 bytes).
    Removing stm32f0xx_tim.o(i.TIM_GetCapture3), (6 bytes).
    Removing stm32f0xx_tim.o(i.TIM_GetCapture4), (6 bytes).
    Removing stm32f0xx_tim.o(i.TIM_GetCounter), (6 bytes).
    Removing stm32f0xx_tim.o(i.TIM_GetFlagStatus), (20 bytes).
    Removing stm32f0xx_tim.o(i.TIM_GetPrescaler), (6 bytes).
    Removing stm32f0xx_tim.o(i.TIM_ICInit), (112 bytes).
    Removing stm32f0xx_tim.o(i.TIM_ICStructInit), (18 bytes).
    Removing stm32f0xx_tim.o(i.TIM_ITRxExternalClockConfig), (24 bytes).
    Removing stm32f0xx_tim.o(i.TIM_InternalClockConfig), (16 bytes).
    Removing stm32f0xx_tim.o(i.TIM_OC1FastConfig), (24 bytes).
    Removing stm32f0xx_tim.o(i.TIM_OC1Init), (148 bytes).
    Removing stm32f0xx_tim.o(i.TIM_OC1NPolarityConfig), (24 bytes).
    Removing stm32f0xx_tim.o(i.TIM_OC1PolarityConfig), (24 bytes).
    Removing stm32f0xx_tim.o(i.TIM_OC1PreloadConfig), (24 bytes).
    Removing stm32f0xx_tim.o(i.TIM_OC2FastConfig), (24 bytes).
    Removing stm32f0xx_tim.o(i.TIM_OC2Init), (172 bytes).
    Removing stm32f0xx_tim.o(i.TIM_OC2NPolarityConfig), (24 bytes).
    Removing stm32f0xx_tim.o(i.TIM_OC2PolarityConfig), (24 bytes).
    Removing stm32f0xx_tim.o(i.TIM_OC2PreloadConfig), (24 bytes).
    Removing stm32f0xx_tim.o(i.TIM_OC3FastConfig), (24 bytes).
    Removing stm32f0xx_tim.o(i.TIM_OC3Init), (152 bytes).
    Removing stm32f0xx_tim.o(i.TIM_OC3NPolarityConfig), (24 bytes).
    Removing stm32f0xx_tim.o(i.TIM_OC3PolarityConfig), (24 bytes).
    Removing stm32f0xx_tim.o(i.TIM_OC3PreloadConfig), (24 bytes).
    Removing stm32f0xx_tim.o(i.TIM_OC4FastConfig), (24 bytes).
    Removing stm32f0xx_tim.o(i.TIM_OC4Init), (112 bytes).
    Removing stm32f0xx_tim.o(i.TIM_OC4PolarityConfig), (24 bytes).
    Removing stm32f0xx_tim.o(i.TIM_OC4PreloadConfig), (24 bytes).
    Removing stm32f0xx_tim.o(i.TIM_OCStructInit), (20 bytes).
    Removing stm32f0xx_tim.o(i.TIM_PWMIConfig), (124 bytes).
    Removing stm32f0xx_tim.o(i.TIM_PrescalerConfig), (6 bytes).
    Removing stm32f0xx_tim.o(i.TIM_RemapConfig), (6 bytes).
    Removing stm32f0xx_tim.o(i.TIM_SelectCCDMA), (28 bytes).
    Removing stm32f0xx_tim.o(i.TIM_SelectCOM), (28 bytes).
    Removing stm32f0xx_tim.o(i.TIM_SelectHallSensor), (28 bytes).
    Removing stm32f0xx_tim.o(i.TIM_SelectInputTrigger), (24 bytes).
    Removing stm32f0xx_tim.o(i.TIM_SelectMasterSlaveMode), (20 bytes).
    Removing stm32f0xx_tim.o(i.TIM_SelectOCREFClear), (20 bytes).
    Removing stm32f0xx_tim.o(i.TIM_SelectOCxM), (82 bytes).
    Removing stm32f0xx_tim.o(i.TIM_SelectOnePulseMode), (20 bytes).
    Removing stm32f0xx_tim.o(i.TIM_SelectOutputTrigger), (20 bytes).
    Removing stm32f0xx_tim.o(i.TIM_SelectSlaveMode), (20 bytes).
    Removing stm32f0xx_tim.o(i.TIM_SetAutoreload), (4 bytes).
    Removing stm32f0xx_tim.o(i.TIM_SetClockDivision), (20 bytes).
    Removing stm32f0xx_tim.o(i.TIM_SetCompare1), (4 bytes).
    Removing stm32f0xx_tim.o(i.TIM_SetCompare2), (4 bytes).
    Removing stm32f0xx_tim.o(i.TIM_SetCompare3), (4 bytes).
    Removing stm32f0xx_tim.o(i.TIM_SetCompare4), (4 bytes).
    Removing stm32f0xx_tim.o(i.TIM_SetCounter), (4 bytes).
    Removing stm32f0xx_tim.o(i.TIM_SetIC1Prescaler), (20 bytes).
    Removing stm32f0xx_tim.o(i.TIM_SetIC2Prescaler), (24 bytes).
    Removing stm32f0xx_tim.o(i.TIM_SetIC3Prescaler), (20 bytes).
    Removing stm32f0xx_tim.o(i.TIM_SetIC4Prescaler), (24 bytes).
    Removing stm32f0xx_tim.o(i.TIM_TIxExternalClockConfig), (58 bytes).
    Removing stm32f0xx_tim.o(i.TIM_TimeBaseStructInit), (18 bytes).
    Removing stm32f0xx_tim.o(i.TIM_UpdateDisableConfig), (28 bytes).
    Removing stm32f0xx_tim.o(i.TIM_UpdateRequestConfig), (28 bytes).
    Removing stm32f0xx_usart.o(.rev16_text), (4 bytes).
    Removing stm32f0xx_usart.o(.revsh_text), (4 bytes).
    Removing stm32f0xx_usart.o(i.USART_AddressDetectionConfig), (16 bytes).
    Removing stm32f0xx_usart.o(i.USART_AutoBaudRateCmd), (28 bytes).
    Removing stm32f0xx_usart.o(i.USART_AutoBaudRateConfig), (18 bytes).
    Removing stm32f0xx_usart.o(i.USART_ClockInit), (36 bytes).
    Removing stm32f0xx_usart.o(i.USART_ClockStructInit), (12 bytes).
    Removing stm32f0xx_usart.o(i.USART_DECmd), (28 bytes).
    Removing stm32f0xx_usart.o(i.USART_DEPolarityConfig), (18 bytes).
    Removing stm32f0xx_usart.o(i.USART_DMACmd), (20 bytes).
    Removing stm32f0xx_usart.o(i.USART_DMAReceptionErrorConfig), (18 bytes).
    Removing stm32f0xx_usart.o(i.USART_DataInvCmd), (28 bytes).
    Removing stm32f0xx_usart.o(i.USART_DeInit), (240 bytes).
    Removing stm32f0xx_usart.o(i.USART_DirectionModeCmd), (20 bytes).
    Removing stm32f0xx_usart.o(i.USART_HalfDuplexCmd), (24 bytes).
    Removing stm32f0xx_usart.o(i.USART_InvPinCmd), (20 bytes).
    Removing stm32f0xx_usart.o(i.USART_IrDACmd), (24 bytes).
    Removing stm32f0xx_usart.o(i.USART_IrDAConfig), (16 bytes).
    Removing stm32f0xx_usart.o(i.USART_LINBreakDetectLengthConfig), (16 bytes).
    Removing stm32f0xx_usart.o(i.USART_LINCmd), (28 bytes).
    Removing stm32f0xx_usart.o(i.USART_MSBFirstCmd), (28 bytes).
    Removing stm32f0xx_usart.o(i.USART_MuteModeCmd), (28 bytes).
    Removing stm32f0xx_usart.o(i.USART_MuteModeWakeUpConfig), (18 bytes).
    Removing stm32f0xx_usart.o(i.USART_OneBitMethodCmd), (28 bytes).
    Removing stm32f0xx_usart.o(i.USART_OverSampling8Cmd), (28 bytes).
    Removing stm32f0xx_usart.o(i.USART_OverrunDetectionConfig), (18 bytes).
    Removing stm32f0xx_usart.o(i.USART_ReceiverTimeOutCmd), (28 bytes).
    Removing stm32f0xx_usart.o(i.USART_RequestCmd), (20 bytes).
    Removing stm32f0xx_usart.o(i.USART_STOPModeCmd), (24 bytes).
    Removing stm32f0xx_usart.o(i.USART_SWAPPinCmd), (28 bytes).
    Removing stm32f0xx_usart.o(i.USART_SetAddress), (18 bytes).
    Removing stm32f0xx_usart.o(i.USART_SetAutoRetryCount), (20 bytes).
    Removing stm32f0xx_usart.o(i.USART_SetBlockLength), (18 bytes).
    Removing stm32f0xx_usart.o(i.USART_SetDEAssertionTime), (20 bytes).
    Removing stm32f0xx_usart.o(i.USART_SetDEDeassertionTime), (20 bytes).
    Removing stm32f0xx_usart.o(i.USART_SetGuardTime), (16 bytes).
    Removing stm32f0xx_usart.o(i.USART_SetPrescaler), (18 bytes).
    Removing stm32f0xx_usart.o(i.USART_SetReceiverTimeOut), (16 bytes).
    Removing stm32f0xx_usart.o(i.USART_SmartCardCmd), (24 bytes).
    Removing stm32f0xx_usart.o(i.USART_SmartCardNACKCmd), (24 bytes).
    Removing stm32f0xx_usart.o(i.USART_StopModeWakeUpSourceConfig), (18 bytes).
    Removing stm32f0xx_usart.o(i.USART_StructInit), (24 bytes).
    Removing stm32f0xx_wwdg.o(.rev16_text), (4 bytes).
    Removing stm32f0xx_wwdg.o(.revsh_text), (4 bytes).
    Removing stm32f0xx_wwdg.o(i.WWDG_ClearFlag), (12 bytes).
    Removing stm32f0xx_wwdg.o(i.WWDG_DeInit), (22 bytes).
    Removing stm32f0xx_wwdg.o(i.WWDG_Enable), (16 bytes).
    Removing stm32f0xx_wwdg.o(i.WWDG_EnableIT), (20 bytes).
    Removing stm32f0xx_wwdg.o(i.WWDG_GetFlagStatus), (24 bytes).
    Removing stm32f0xx_wwdg.o(i.WWDG_SetCounter), (16 bytes).
    Removing stm32f0xx_wwdg.o(i.WWDG_SetPrescaler), (32 bytes).
    Removing stm32f0xx_wwdg.o(i.WWDG_SetWindowValue), (40 bytes).
    Removing ffixui.o(.text), (40 bytes).
    Removing cfcmple.o(.text), (20 bytes).
    Removing cfrcmple.o(.text), (20 bytes).

576 unused section(s) (total 20034 bytes) removed from the image.

==============================================================================

Image Symbol Table

    Local Symbols

    Symbol Name                              Value     Ov Type        Size  Object(Section)

    ../clib/microlib/division.c              0x00000000   Number         0  uldiv.o ABSOLUTE
    ../clib/microlib/division.c              0x00000000   Number         0  uidiv.o ABSOLUTE
    ../clib/microlib/init/entry.s            0x00000000   Number         0  entry11a.o ABSOLUTE
    ../clib/microlib/init/entry.s            0x00000000   Number         0  entry2.o ABSOLUTE
    ../clib/microlib/init/entry.s            0x00000000   Number         0  entry8b.o ABSOLUTE
    ../clib/microlib/init/entry.s            0x00000000   Number         0  entry8a.o ABSOLUTE
    ../clib/microlib/init/entry.s            0x00000000   Number         0  entry10b.o ABSOLUTE
    ../clib/microlib/init/entry.s            0x00000000   Number         0  entry10a.o ABSOLUTE
    ../clib/microlib/init/entry.s            0x00000000   Number         0  entry9b.o ABSOLUTE
    ../clib/microlib/init/entry.s            0x00000000   Number         0  entry.o ABSOLUTE
    ../clib/microlib/init/entry.s            0x00000000   Number         0  entry9a.o ABSOLUTE
    ../clib/microlib/init/entry.s            0x00000000   Number         0  entry11b.o ABSOLUTE
    ../clib/microlib/init/entry.s            0x00000000   Number         0  entry7b.o ABSOLUTE
    ../clib/microlib/init/entry.s            0x00000000   Number         0  entry5.o ABSOLUTE
    ../clib/microlib/init/entry.s            0x00000000   Number         0  entry7a.o ABSOLUTE
    ../clib/microlib/longlong.c              0x00000000   Number         0  llshl.o ABSOLUTE
    ../clib/microlib/longlong.c              0x00000000   Number         0  llushr.o ABSOLUTE
    ../clib/microlib/longlong.c              0x00000000   Number         0  llsshr.o ABSOLUTE
    ../clib/microlib/printf/printf.c         0x00000000   Number         0  printfb.o ABSOLUTE
    ../clib/microlib/printf/printf.c         0x00000000   Number         0  printf0.o ABSOLUTE
    ../clib/microlib/printf/printf.c         0x00000000   Number         0  printf1.o ABSOLUTE
    ../clib/microlib/printf/printf.c         0x00000000   Number         0  printf6.o ABSOLUTE
    ../clib/microlib/printf/printf.c         0x00000000   Number         0  printf7.o ABSOLUTE
    ../clib/microlib/printf/printf.c         0x00000000   Number         0  printf4.o ABSOLUTE
    ../clib/microlib/printf/printf.c         0x00000000   Number         0  printf8.o ABSOLUTE
    ../clib/microlib/printf/printf.c         0x00000000   Number         0  printf5.o ABSOLUTE
    ../clib/microlib/printf/printf.c         0x00000000   Number         0  printf3.o ABSOLUTE
    ../clib/microlib/printf/printf.c         0x00000000   Number         0  printfa.o ABSOLUTE
    ../clib/microlib/printf/printf.c         0x00000000   Number         0  printf2.o ABSOLUTE
    ../clib/microlib/printf/stubs.s          0x00000000   Number         0  stubs.o ABSOLUTE
    ../clib/microlib/stdio/streams.c         0x00000000   Number         0  stdout.o ABSOLUTE
    ../clib/microlib/string/strlen.c         0x00000000   Number         0  strlen.o ABSOLUTE
    ../clib/microlib/stubs.s                 0x00000000   Number         0  iusefp.o ABSOLUTE
    ../fplib/microlib/f2d.c                  0x00000000   Number         0  f2d.o ABSOLUTE
    ../fplib/microlib/fpadd.c                0x00000000   Number         0  fadd.o ABSOLUTE
    ../fplib/microlib/fpadd.c                0x00000000   Number         0  dadd.o ABSOLUTE
    ../fplib/microlib/fpdiv.c                0x00000000   Number         0  ddiv.o ABSOLUTE
    ../fplib/microlib/fpdiv.c                0x00000000   Number         0  fdiv.o ABSOLUTE
    ../fplib/microlib/fpepilogue.c           0x00000000   Number         0  depilogue.o ABSOLUTE
    ../fplib/microlib/fpepilogue.c           0x00000000   Number         0  fepilogue.o ABSOLUTE
    ../fplib/microlib/fpfix.c                0x00000000   Number         0  dfixul.o ABSOLUTE
    ../fplib/microlib/fpfix.c                0x00000000   Number         0  ffixi.o ABSOLUTE
    ../fplib/microlib/fpfix.c                0x00000000   Number         0  ffixui.o ABSOLUTE
    ../fplib/microlib/fpflt.c                0x00000000   Number         0  ffltui.o ABSOLUTE
    ../fplib/microlib/fpmul.c                0x00000000   Number         0  fmul.o ABSOLUTE
    ../fplib/microlib/fpmul.c                0x00000000   Number         0  dmul.o ABSOLUTE
    ..\Source\Application\main\main.c        0x00000000   Number         0  main.o ABSOLUTE
    ..\Source\Application\main\stm32f0xx_it.c 0x00000000   Number         0  stm32f0xx_it.o ABSOLUTE
    ..\Source\Drivers\MiCS_VZ_89TE\MiCS_VZ_89TE.c 0x00000000   Number         0  mics_vz_89te.o ABSOLUTE
    ..\Source\Drivers\delay\delay.c          0x00000000   Number         0  delay.o ABSOLUTE
    ..\Source\Drivers\iaq\iaq.c              0x00000000   Number         0  iaq.o ABSOLUTE
    ..\Source\Drivers\led\led.c              0x00000000   Number         0  led.o ABSOLUTE
    ..\Source\Drivers\sht30\sht30.c          0x00000000   Number         0  sht30.o ABSOLUTE
    ..\Source\Drivers\tim2\tim2.c            0x00000000   Number         0  tim2.o ABSOLUTE
    ..\Source\Drivers\usart1_PM25\usart1_PM25.c 0x00000000   Number         0  usart1_pm25.o ABSOLUTE
    ..\Source\Drivers\usart2\usart2.c        0x00000000   Number         0  usart2.o ABSOLUTE
    ..\Source\Drivers\usart3_CO\usart3_CO.c  0x00000000   Number         0  usart3_co.o ABSOLUTE
    ..\Source\Drivers\usart4_CO2_T6703\usart4_CO2_T6703.c 0x00000000   Number         0  usart4_co2_t6703.o ABSOLUTE
    ..\Source\Drivers\usart5_CH2O_AS04\usart5_CH2O_AS04.c 0x00000000   Number         0  usart5_ch2o_as04.o ABSOLUTE
    ..\Source\Drivers\usart6_CO2_S8_0053\usart6_CO2_S8_0053.c 0x00000000   Number         0  usart6_co2_s8_0053.o ABSOLUTE
    ..\Source\Drivers\usart7_CH2O_Dart_2_FE5\usart7_CH2O_Dart_2_FE5.c 0x00000000   Number         0  usart7_ch2o_dart_2_fe5.o ABSOLUTE
    ..\Source\Drivers\usart8_Comm\usart8_Comm.c 0x00000000   Number         0  usart8_comm.o ABSOLUTE
    ..\Source\Drivers\w25q64\w25q64.c        0x00000000   Number         0  w25q64.o ABSOLUTE
    ..\Source\STM32_FWLib\CMSIS\startup\startup_stm32f091.s 0x00000000   Number         0  startup_stm32f091.o ABSOLUTE
    ..\Source\STM32_FWLib\CMSIS\system_stm32f0xx.c 0x00000000   Number         0  system_stm32f0xx.o ABSOLUTE
    ..\Source\STM32_FWLib\FWLib\src\stm32f0xx_adc.c 0x00000000   Number         0  stm32f0xx_adc.o ABSOLUTE
    ..\Source\STM32_FWLib\FWLib\src\stm32f0xx_cec.c 0x00000000   Number         0  stm32f0xx_cec.o ABSOLUTE
    ..\Source\STM32_FWLib\FWLib\src\stm32f0xx_comp.c 0x00000000   Number         0  stm32f0xx_comp.o ABSOLUTE
    ..\Source\STM32_FWLib\FWLib\src\stm32f0xx_crc.c 0x00000000   Number         0  stm32f0xx_crc.o ABSOLUTE
    ..\Source\STM32_FWLib\FWLib\src\stm32f0xx_dac.c 0x00000000   Number         0  stm32f0xx_dac.o ABSOLUTE
    ..\Source\STM32_FWLib\FWLib\src\stm32f0xx_dbgmcu.c 0x00000000   Number         0  stm32f0xx_dbgmcu.o ABSOLUTE
    ..\Source\STM32_FWLib\FWLib\src\stm32f0xx_dma.c 0x00000000   Number         0  stm32f0xx_dma.o ABSOLUTE
    ..\Source\STM32_FWLib\FWLib\src\stm32f0xx_exti.c 0x00000000   Number         0  stm32f0xx_exti.o ABSOLUTE
    ..\Source\STM32_FWLib\FWLib\src\stm32f0xx_flash.c 0x00000000   Number         0  stm32f0xx_flash.o ABSOLUTE
    ..\Source\STM32_FWLib\FWLib\src\stm32f0xx_gpio.c 0x00000000   Number         0  stm32f0xx_gpio.o ABSOLUTE
    ..\Source\STM32_FWLib\FWLib\src\stm32f0xx_i2c.c 0x00000000   Number         0  stm32f0xx_i2c.o ABSOLUTE
    ..\Source\STM32_FWLib\FWLib\src\stm32f0xx_iwdg.c 0x00000000   Number         0  stm32f0xx_iwdg.o ABSOLUTE
    ..\Source\STM32_FWLib\FWLib\src\stm32f0xx_misc.c 0x00000000   Number         0  stm32f0xx_misc.o ABSOLUTE
    ..\Source\STM32_FWLib\FWLib\src\stm32f0xx_pwr.c 0x00000000   Number         0  stm32f0xx_pwr.o ABSOLUTE
    ..\Source\STM32_FWLib\FWLib\src\stm32f0xx_rcc.c 0x00000000   Number         0  stm32f0xx_rcc.o ABSOLUTE
    ..\Source\STM32_FWLib\FWLib\src\stm32f0xx_rtc.c 0x00000000   Number         0  stm32f0xx_rtc.o ABSOLUTE
    ..\Source\STM32_FWLib\FWLib\src\stm32f0xx_spi.c 0x00000000   Number         0  stm32f0xx_spi.o ABSOLUTE
    ..\Source\STM32_FWLib\FWLib\src\stm32f0xx_syscfg.c 0x00000000   Number         0  stm32f0xx_syscfg.o ABSOLUTE
    ..\Source\STM32_FWLib\FWLib\src\stm32f0xx_tim.c 0x00000000   Number         0  stm32f0xx_tim.o ABSOLUTE
    ..\Source\STM32_FWLib\FWLib\src\stm32f0xx_usart.c 0x00000000   Number         0  stm32f0xx_usart.o ABSOLUTE
    ..\Source\STM32_FWLib\FWLib\src\stm32f0xx_wwdg.c 0x00000000   Number         0  stm32f0xx_wwdg.o ABSOLUTE
    ..\\Source\\Application\\main\\main.c    0x00000000   Number         0  main.o ABSOLUTE
    ..\\Source\\Application\\main\\stm32f0xx_it.c 0x00000000   Number         0  stm32f0xx_it.o ABSOLUTE
    ..\\Source\\Drivers\\MiCS_VZ_89TE\\MiCS_VZ_89TE.c 0x00000000   Number         0  mics_vz_89te.o ABSOLUTE
    ..\\Source\\Drivers\\delay\\delay.c      0x00000000   Number         0  delay.o ABSOLUTE
    ..\\Source\\Drivers\\iaq\\iaq.c          0x00000000   Number         0  iaq.o ABSOLUTE
    ..\\Source\\Drivers\\led\\led.c          0x00000000   Number         0  led.o ABSOLUTE
    ..\\Source\\Drivers\\sht30\\sht30.c      0x00000000   Number         0  sht30.o ABSOLUTE
    ..\\Source\\Drivers\\tim2\\tim2.c        0x00000000   Number         0  tim2.o ABSOLUTE
    ..\\Source\\Drivers\\usart1_PM25\\usart1_PM25.c 0x00000000   Number         0  usart1_pm25.o ABSOLUTE
    ..\\Source\\Drivers\\usart2\\usart2.c    0x00000000   Number         0  usart2.o ABSOLUTE
    ..\\Source\\Drivers\\usart3_CO\\usart3_CO.c 0x00000000   Number         0  usart3_co.o ABSOLUTE
    ..\\Source\\Drivers\\usart4_CO2_T6703\\usart4_CO2_T6703.c 0x00000000   Number         0  usart4_co2_t6703.o ABSOLUTE
    ..\\Source\\Drivers\\usart5_CH2O_AS04\\usart5_CH2O_AS04.c 0x00000000   Number         0  usart5_ch2o_as04.o ABSOLUTE
    ..\\Source\\Drivers\\usart6_CO2_S8_0053\\usart6_CO2_S8_0053.c 0x00000000   Number         0  usart6_co2_s8_0053.o ABSOLUTE
    ..\\Source\\Drivers\\usart7_CH2O_Dart_2_FE5\\usart7_CH2O_Dart_2_FE5.c 0x00000000   Number         0  usart7_ch2o_dart_2_fe5.o ABSOLUTE
    ..\\Source\\Drivers\\usart8_Comm\\usart8_Comm.c 0x00000000   Number         0  usart8_comm.o ABSOLUTE
    ..\\Source\\Drivers\\w25q64\\w25q64.c    0x00000000   Number         0  w25q64.o ABSOLUTE
    ..\\Source\\STM32_FWLib\\CMSIS\\system_stm32f0xx.c 0x00000000   Number         0  system_stm32f0xx.o ABSOLUTE
    ..\\Source\\STM32_FWLib\\FWLib\\src\\stm32f0xx_adc.c 0x00000000   Number         0  stm32f0xx_adc.o ABSOLUTE
    ..\\Source\\STM32_FWLib\\FWLib\\src\\stm32f0xx_cec.c 0x00000000   Number         0  stm32f0xx_cec.o ABSOLUTE
    ..\\Source\\STM32_FWLib\\FWLib\\src\\stm32f0xx_comp.c 0x00000000   Number         0  stm32f0xx_comp.o ABSOLUTE
    ..\\Source\\STM32_FWLib\\FWLib\\src\\stm32f0xx_crc.c 0x00000000   Number         0  stm32f0xx_crc.o ABSOLUTE
    ..\\Source\\STM32_FWLib\\FWLib\\src\\stm32f0xx_dac.c 0x00000000   Number         0  stm32f0xx_dac.o ABSOLUTE
    ..\\Source\\STM32_FWLib\\FWLib\\src\\stm32f0xx_dbgmcu.c 0x00000000   Number         0  stm32f0xx_dbgmcu.o ABSOLUTE
    ..\\Source\\STM32_FWLib\\FWLib\\src\\stm32f0xx_dma.c 0x00000000   Number         0  stm32f0xx_dma.o ABSOLUTE
    ..\\Source\\STM32_FWLib\\FWLib\\src\\stm32f0xx_exti.c 0x00000000   Number         0  stm32f0xx_exti.o ABSOLUTE
    ..\\Source\\STM32_FWLib\\FWLib\\src\\stm32f0xx_flash.c 0x00000000   Number         0  stm32f0xx_flash.o ABSOLUTE
    ..\\Source\\STM32_FWLib\\FWLib\\src\\stm32f0xx_gpio.c 0x00000000   Number         0  stm32f0xx_gpio.o ABSOLUTE
    ..\\Source\\STM32_FWLib\\FWLib\\src\\stm32f0xx_i2c.c 0x00000000   Number         0  stm32f0xx_i2c.o ABSOLUTE
    ..\\Source\\STM32_FWLib\\FWLib\\src\\stm32f0xx_iwdg.c 0x00000000   Number         0  stm32f0xx_iwdg.o ABSOLUTE
    ..\\Source\\STM32_FWLib\\FWLib\\src\\stm32f0xx_misc.c 0x00000000   Number         0  stm32f0xx_misc.o ABSOLUTE
    ..\\Source\\STM32_FWLib\\FWLib\\src\\stm32f0xx_pwr.c 0x00000000   Number         0  stm32f0xx_pwr.o ABSOLUTE
    ..\\Source\\STM32_FWLib\\FWLib\\src\\stm32f0xx_rcc.c 0x00000000   Number         0  stm32f0xx_rcc.o ABSOLUTE
    ..\\Source\\STM32_FWLib\\FWLib\\src\\stm32f0xx_rtc.c 0x00000000   Number         0  stm32f0xx_rtc.o ABSOLUTE
    ..\\Source\\STM32_FWLib\\FWLib\\src\\stm32f0xx_spi.c 0x00000000   Number         0  stm32f0xx_spi.o ABSOLUTE
    ..\\Source\\STM32_FWLib\\FWLib\\src\\stm32f0xx_syscfg.c 0x00000000   Number         0  stm32f0xx_syscfg.o ABSOLUTE
    ..\\Source\\STM32_FWLib\\FWLib\\src\\stm32f0xx_tim.c 0x00000000   Number         0  stm32f0xx_tim.o ABSOLUTE
    ..\\Source\\STM32_FWLib\\FWLib\\src\\stm32f0xx_usart.c 0x00000000   Number         0  stm32f0xx_usart.o ABSOLUTE
    ..\\Source\\STM32_FWLib\\FWLib\\src\\stm32f0xx_wwdg.c 0x00000000   Number         0  stm32f0xx_wwdg.o ABSOLUTE
    cdrcmple.s                               0x00000000   Number         0  cdrcmple.o ABSOLUTE
    cfcmple.s                                0x00000000   Number         0  cfcmple.o ABSOLUTE
    cfrcmple.s                               0x00000000   Number         0  cfrcmple.o ABSOLUTE
    dc.s                                     0x00000000   Number         0  dc.o ABSOLUTE
    handlers.s                               0x00000000   Number         0  handlers.o ABSOLUTE
    init.s                                   0x00000000   Number         0  init.o ABSOLUTE
    RESET                                    0x08000000   Section      188  startup_stm32f091.o(RESET)
    .ARM.Collect$$$$00000000                 0x080000bc   Section        0  entry.o(.ARM.Collect$$$$00000000)
    .ARM.Collect$$$$00000001                 0x080000bc   Section        4  entry2.o(.ARM.Collect$$$$00000001)
    .ARM.Collect$$$$00000004                 0x080000c0   Section        4  entry5.o(.ARM.Collect$$$$00000004)
    .ARM.Collect$$$$00000008                 0x080000c4   Section        0  entry7b.o(.ARM.Collect$$$$00000008)
    .ARM.Collect$$$$0000000A                 0x080000c4   Section        0  entry8b.o(.ARM.Collect$$$$0000000A)
    .ARM.Collect$$$$0000000B                 0x080000c4   Section        8  entry9a.o(.ARM.Collect$$$$0000000B)
    .ARM.Collect$$$$0000000D                 0x080000cc   Section        0  entry10a.o(.ARM.Collect$$$$0000000D)
    .ARM.Collect$$$$0000000F                 0x080000cc   Section        0  entry11a.o(.ARM.Collect$$$$0000000F)
    .ARM.Collect$$$$00002712                 0x080000cc   Section        4  entry2.o(.ARM.Collect$$$$00002712)
    __lit__00000000                          0x080000cc   Data           4  entry2.o(.ARM.Collect$$$$00002712)
    .text                                    0x080000d0   Section       88  startup_stm32f091.o(.text)
    .text                                    0x08000128   Section        0  uidiv.o(.text)
    .text                                    0x08000154   Section        0  strlen.o(.text)
    .text                                    0x08000162   Section        0  fadd.o(.text)
    .text                                    0x08000214   Section        0  fmul.o(.text)
    .text                                    0x0800028e   Section        0  fdiv.o(.text)
    .text                                    0x0800030a   Section        0  ffltui.o(.text)
    .text                                    0x08000318   Section        0  ffixi.o(.text)
    .text                                    0x0800034a   Section        0  f2d.o(.text)
    .text                                    0x08000372   Section        0  uldiv.o(.text)
    .text                                    0x080003d2   Section        0  iusefp.o(.text)
    .text                                    0x080003d2   Section        0  fepilogue.o(.text)
    .text                                    0x08000454   Section        0  dadd.o(.text)
    .text                                    0x080005b8   Section        0  dmul.o(.text)
    .text                                    0x08000688   Section        0  ddiv.o(.text)
    .text                                    0x08000778   Section        0  dfixul.o(.text)
    .text                                    0x080007b8   Section       40  cdrcmple.o(.text)
    .text                                    0x080007e0   Section       36  init.o(.text)
    .text                                    0x08000804   Section        0  llshl.o(.text)
    .text                                    0x08000824   Section        0  llushr.o(.text)
    .text                                    0x08000846   Section        0  llsshr.o(.text)
    .text                                    0x0800086c   Section        0  depilogue.o(.text)
    i.GPIO_Init                              0x0800092a   Section        0  stm32f0xx_gpio.o(i.GPIO_Init)
    i.GPIO_PinAFConfig                       0x080009ba   Section        0  stm32f0xx_gpio.o(i.GPIO_PinAFConfig)
    i.GPIO_ResetBits                         0x080009fe   Section        0  stm32f0xx_gpio.o(i.GPIO_ResetBits)
    i.GPIO_SetBits                           0x08000a02   Section        0  stm32f0xx_gpio.o(i.GPIO_SetBits)
    i.HardFault_Handler                      0x08000a06   Section        0  stm32f0xx_it.o(i.HardFault_Handler)
    i.I2C_Ack                                0x08000a0c   Section        0  iaq.o(i.I2C_Ack)
    I2C_Ack                                  0x08000a0d   Thumb Code    78  iaq.o(i.I2C_Ack)
    i.I2C_ReceiveByte                        0x08000a60   Section        0  iaq.o(i.I2C_ReceiveByte)
    I2C_ReceiveByte                          0x08000a61   Thumb Code   104  iaq.o(i.I2C_ReceiveByte)
    i.I2C_SDA_IN                             0x08000acc   Section        0  iaq.o(i.I2C_SDA_IN)
    i.I2C_SDA_OUT                            0x08000aee   Section        0  iaq.o(i.I2C_SDA_OUT)
    i.I2C_SendByte                           0x08000b10   Section        0  iaq.o(i.I2C_SendByte)
    I2C_SendByte                             0x08000b11   Thumb Code   136  iaq.o(i.I2C_SendByte)
    i.I2C_Start                              0x08000b9c   Section        0  iaq.o(i.I2C_Start)
    I2C_Start                                0x08000b9d   Thumb Code   122  iaq.o(i.I2C_Start)
    i.I2C_Stop                               0x08000c3c   Section        0  iaq.o(i.I2C_Stop)
    I2C_Stop                                 0x08000c3d   Thumb Code    68  iaq.o(i.I2C_Stop)
    i.I2C_Wait_Ack                           0x08000c84   Section        0  iaq.o(i.I2C_Wait_Ack)
    I2C_Wait_Ack                             0x08000c85   Thumb Code    96  iaq.o(i.I2C_Wait_Ack)
    i.I2c_Init                               0x08000cf4   Section        0  sht30.o(i.I2c_Init)
    i.I2c_ReadByte                           0x08000d28   Section        0  sht30.o(i.I2c_ReadByte)
    i.I2c_StartCondition                     0x08000dc4   Section        0  sht30.o(i.I2c_StartCondition)
    i.I2c_StopCondition                      0x08000e00   Section        0  sht30.o(i.I2c_StopCondition)
    i.I2c_WaitWhileClockStreching            0x08000e3c   Section        0  sht30.o(i.I2c_WaitWhileClockStreching)
    I2c_WaitWhileClockStreching              0x08000e3d   Thumb Code    48  sht30.o(i.I2c_WaitWhileClockStreching)
    i.I2c_WriteByte                          0x08000e6c   Section        0  sht30.o(i.I2c_WriteByte)
    i.IAQ_Init                               0x08000eec   Section        0  iaq.o(i.IAQ_Init)
    i.IAQ_Read                               0x08000f24   Section        0  iaq.o(i.IAQ_Read)
    i.LED_Init                               0x08000fc8   Section        0  led.o(i.LED_Init)
    i.NMI_Handler                            0x08000ffa   Section        0  stm32f0xx_it.o(i.NMI_Handler)
    i.NVIC_Init                              0x08000ffc   Section        0  stm32f0xx_misc.o(i.NVIC_Init)
    i.PendSV_Handler                         0x0800106c   Section        0  stm32f0xx_it.o(i.PendSV_Handler)
    i.RCC_AHBPeriphClockCmd                  0x08001070   Section        0  stm32f0xx_rcc.o(i.RCC_AHBPeriphClockCmd)
    i.RCC_APB1PeriphClockCmd                 0x08001090   Section        0  stm32f0xx_rcc.o(i.RCC_APB1PeriphClockCmd)
    i.RCC_APB1PeriphResetCmd                 0x080010b0   Section        0  stm32f0xx_rcc.o(i.RCC_APB1PeriphResetCmd)
    i.RCC_APB2PeriphClockCmd                 0x080010d0   Section        0  stm32f0xx_rcc.o(i.RCC_APB2PeriphClockCmd)
    i.RCC_APB2PeriphResetCmd                 0x080010f0   Section        0  stm32f0xx_rcc.o(i.RCC_APB2PeriphResetCmd)
    i.RCC_GetClocksFreq                      0x08001110   Section        0  stm32f0xx_rcc.o(i.RCC_GetClocksFreq)
    i.SHT3X_CalcCrc                          0x08001358   Section        0  sht30.o(i.SHT3X_CalcCrc)
    SHT3X_CalcCrc                            0x08001359   Thumb Code    62  sht30.o(i.SHT3X_CalcCrc)
    i.SHT3X_CalcHumidity                     0x08001398   Section        0  sht30.o(i.SHT3X_CalcHumidity)
    SHT3X_CalcHumidity                       0x08001399   Thumb Code    28  sht30.o(i.SHT3X_CalcHumidity)
    i.SHT3X_CalcTemperature                  0x080013bc   Section        0  sht30.o(i.SHT3X_CalcTemperature)
    SHT3X_CalcTemperature                    0x080013bd   Thumb Code    36  sht30.o(i.SHT3X_CalcTemperature)
    i.SHT3X_CheckCrc                         0x080013ec   Section        0  sht30.o(i.SHT3X_CheckCrc)
    SHT3X_CheckCrc                           0x080013ed   Thumb Code    30  sht30.o(i.SHT3X_CheckCrc)
    i.SHT3X_Init                             0x0800140a   Section        0  sht30.o(i.SHT3X_Init)
    i.SHT3X_Read2BytesAndCrc                 0x0800141a   Section        0  sht30.o(i.SHT3X_Read2BytesAndCrc)
    SHT3X_Read2BytesAndCrc                   0x0800141b   Thumb Code    88  sht30.o(i.SHT3X_Read2BytesAndCrc)
    i.SHT3X_ReadMeasurementBuffer            0x08001472   Section        0  sht30.o(i.SHT3X_ReadMeasurementBuffer)
    i.SHT3X_SetI2cAdr                        0x080014d8   Section        0  sht30.o(i.SHT3X_SetI2cAdr)
    i.SHT3X_StartPeriodicMeasurment          0x080014e4   Section        0  sht30.o(i.SHT3X_StartPeriodicMeasurment)
    i.SHT3X_StartReadAccess                  0x08001618   Section        0  sht30.o(i.SHT3X_StartReadAccess)
    SHT3X_StartReadAccess                    0x08001619   Thumb Code    26  sht30.o(i.SHT3X_StartReadAccess)
    i.SHT3X_StartWriteAccess                 0x08001638   Section        0  sht30.o(i.SHT3X_StartWriteAccess)
    SHT3X_StartWriteAccess                   0x08001639   Thumb Code    24  sht30.o(i.SHT3X_StartWriteAccess)
    i.SHT3X_StopAccess                       0x08001654   Section        0  sht30.o(i.SHT3X_StopAccess)
    SHT3X_StopAccess                         0x08001655   Thumb Code     8  sht30.o(i.SHT3X_StopAccess)
    i.SHT3X_WriteCommand                     0x0800165c   Section        0  sht30.o(i.SHT3X_WriteCommand)
    SHT3X_WriteCommand                       0x0800165d   Thumb Code    24  sht30.o(i.SHT3X_WriteCommand)
    i.SHT3x_ReadSerialNumber                 0x08001674   Section        0  sht30.o(i.SHT3x_ReadSerialNumber)
    i.SPI2_Init                              0x080016cc   Section        0  w25q64.o(i.SPI2_Init)
    i.SPI2_ReadWriteByte                     0x080017b0   Section        0  w25q64.o(i.SPI2_ReadWriteByte)
    i.SPI2_SetSpeed                          0x08001800   Section        0  w25q64.o(i.SPI2_SetSpeed)
    i.SPI_Cmd                                0x0800182c   Section        0  stm32f0xx_spi.o(i.SPI_Cmd)
    i.SPI_FLASH_Write_Enable                 0x08001848   Section        0  w25q64.o(i.SPI_FLASH_Write_Enable)
    i.SPI_Flash_Erase_Sector                 0x0800186c   Section        0  w25q64.o(i.SPI_Flash_Erase_Sector)
    i.SPI_Flash_Init                         0x080018b4   Section        0  w25q64.o(i.SPI_Flash_Init)
    i.SPI_Flash_Read                         0x080018d0   Section        0  w25q64.o(i.SPI_Flash_Read)
    i.SPI_Flash_ReadID                       0x08001924   Section        0  w25q64.o(i.SPI_Flash_ReadID)
    i.SPI_Flash_ReadSR                       0x08001970   Section        0  w25q64.o(i.SPI_Flash_ReadSR)
    i.SPI_Flash_Wait_Busy                    0x080019a0   Section        0  w25q64.o(i.SPI_Flash_Wait_Busy)
    i.SPI_Flash_Write                        0x080019b4   Section        0  w25q64.o(i.SPI_Flash_Write)
    i.SPI_Flash_Write_NoCheck                0x08001a74   Section        0  w25q64.o(i.SPI_Flash_Write_NoCheck)
    i.SPI_Flash_Write_Page                   0x08001ab8   Section        0  w25q64.o(i.SPI_Flash_Write_Page)
    i.SPI_I2S_GetFlagStatus                  0x08001b10   Section        0  stm32f0xx_spi.o(i.SPI_I2S_GetFlagStatus)
    i.SPI_Init                               0x08001b24   Section        0  stm32f0xx_spi.o(i.SPI_Init)
    i.SPI_ReceiveData8                       0x08001b7c   Section        0  stm32f0xx_spi.o(i.SPI_ReceiveData8)
    i.SPI_RxFIFOThresholdConfig              0x08001b88   Section        0  stm32f0xx_spi.o(i.SPI_RxFIFOThresholdConfig)
    i.SPI_SendData8                          0x08001b9c   Section        0  stm32f0xx_spi.o(i.SPI_SendData8)
    i.SVC_Handler                            0x08001ba6   Section        0  stm32f0xx_it.o(i.SVC_Handler)
    i.SetSysClock                            0x08001ba8   Section        0  system_stm32f0xx.o(i.SetSysClock)
    SetSysClock                              0x08001ba9   Thumb Code   206  system_stm32f0xx.o(i.SetSysClock)
    i.SysTick_CLKSourceConfig                0x08001c80   Section        0  stm32f0xx_misc.o(i.SysTick_CLKSourceConfig)
    i.SysTick_Handler                        0x08001ca4   Section        0  stm32f0xx_it.o(i.SysTick_Handler)
    i.SysTick_delay_ms                       0x08001ca8   Section        0  delay.o(i.SysTick_delay_ms)
    i.SysTick_delay_us                       0x08001cc4   Section        0  delay.o(i.SysTick_delay_us)
    i.SystemInit                             0x08001ce4   Section        0  system_stm32f0xx.o(i.SystemInit)
    i.TIM2_IRQHandler                        0x08001d60   Section        0  stm32f0xx_it.o(i.TIM2_IRQHandler)
    i.TIM2_Init                              0x08001f24   Section        0  tim2.o(i.TIM2_Init)
    i.TIM_ClearFlag                          0x08001f88   Section        0  stm32f0xx_tim.o(i.TIM_ClearFlag)
    i.TIM_ClearITPendingBit                  0x08001f8e   Section        0  stm32f0xx_tim.o(i.TIM_ClearITPendingBit)
    i.TIM_Cmd                                0x08001f94   Section        0  stm32f0xx_tim.o(i.TIM_Cmd)
    i.TIM_DeInit                             0x08001fb0   Section        0  stm32f0xx_tim.o(i.TIM_DeInit)
    i.TIM_GetITStatus                        0x080020b4   Section        0  stm32f0xx_tim.o(i.TIM_GetITStatus)
    i.TIM_ITConfig                           0x080020da   Section        0  stm32f0xx_tim.o(i.TIM_ITConfig)
    i.TIM_TimeBaseInit                       0x080020f0   Section        0  stm32f0xx_tim.o(i.TIM_TimeBaseInit)
    i.USART1_IRQHandler                      0x0800216c   Section        0  stm32f0xx_it.o(i.USART1_IRQHandler)
    i.USART1_PM25_Init                       0x08002260   Section        0  usart1_pm25.o(i.USART1_PM25_Init)
    i.USART2_Init                            0x08002328   Section        0  usart2.o(i.USART2_Init)
    i.USART3_8_IRQHandler                    0x080023ac   Section        0  stm32f0xx_it.o(i.USART3_8_IRQHandler)
    i.USART3_CO_Init                         0x08002a44   Section        0  usart3_co.o(i.USART3_CO_Init)
    i.USART3_SendStr                         0x08002b08   Section        0  usart3_co.o(i.USART3_SendStr)
    i.USART4_CO2_T6703_Init                  0x08002b40   Section        0  usart4_co2_t6703.o(i.USART4_CO2_T6703_Init)
    i.USART4_SendStr                         0x08002c10   Section        0  usart4_co2_t6703.o(i.USART4_SendStr)
    i.USART5_CH2O_AS04_Init                  0x08002c48   Section        0  usart5_ch2o_as04.o(i.USART5_CH2O_AS04_Init)
    i.USART5_SendStr                         0x08002d0c   Section        0  usart5_ch2o_as04.o(i.USART5_SendStr)
    i.USART6_CO2_S8_0053_Init                0x08002d44   Section        0  usart6_co2_s8_0053.o(i.USART6_CO2_S8_0053_Init)
    i.USART6_SendStr                         0x08002e04   Section        0  usart6_co2_s8_0053.o(i.USART6_SendStr)
    i.USART7_CH2O_Dart_2_FE5_Init            0x08002e3c   Section        0  usart7_ch2o_dart_2_fe5.o(i.USART7_CH2O_Dart_2_FE5_Init)
    i.USART8_Comm_Init                       0x08002f00   Section        0  usart8_comm.o(i.USART8_Comm_Init)
    i.USART8_SendStr                         0x08002fc0   Section        0  usart8_comm.o(i.USART8_SendStr)
    i.USART_ClearFlag                        0x08002ff8   Section        0  stm32f0xx_usart.o(i.USART_ClearFlag)
    i.USART_ClearITPendingBit                0x08002ffc   Section        0  stm32f0xx_usart.o(i.USART_ClearITPendingBit)
    i.USART_Cmd                              0x0800300e   Section        0  stm32f0xx_usart.o(i.USART_Cmd)
    i.USART_GetFlagStatus                    0x08003026   Section        0  stm32f0xx_usart.o(i.USART_GetFlagStatus)
    i.USART_GetITStatus                      0x0800303a   Section        0  stm32f0xx_usart.o(i.USART_GetITStatus)
    i.USART_ITConfig                         0x08003088   Section        0  stm32f0xx_usart.o(i.USART_ITConfig)
    i.USART_Init                             0x080030cc   Section        0  stm32f0xx_usart.o(i.USART_Init)
    i.USART_ReceiveData                      0x080031c4   Section        0  stm32f0xx_usart.o(i.USART_ReceiveData)
    i.USART_SendData                         0x080031ce   Section        0  stm32f0xx_usart.o(i.USART_SendData)
    i.__0printf                              0x080031d8   Section        0  printfa.o(i.__0printf)
    i.__0sprintf                             0x080031f8   Section        0  printfa.o(i.__0sprintf)
    i.__ARM_clz                              0x08003220   Section        0  depilogue.o(i.__ARM_clz)
    i.__ARM_common_switch8                   0x0800324e   Section        0  sht30.o(i.__ARM_common_switch8)
    i.__scatterload_copy                     0x0800326a   Section       14  handlers.o(i.__scatterload_copy)
    i.__scatterload_null                     0x08003278   Section        2  handlers.o(i.__scatterload_null)
    i.__scatterload_zeroinit                 0x0800327a   Section       14  handlers.o(i.__scatterload_zeroinit)
    i._fp_digits                             0x08003288   Section        0  printfa.o(i._fp_digits)
    _fp_digits                               0x08003289   Thumb Code   344  printfa.o(i._fp_digits)
    i._printf_core                           0x080033fc   Section        0  printfa.o(i._printf_core)
    _printf_core                             0x080033fd   Thumb Code  1754  printfa.o(i._printf_core)
    i._printf_post_padding                   0x08003ae8   Section        0  printfa.o(i._printf_post_padding)
    _printf_post_padding                     0x08003ae9   Thumb Code    32  printfa.o(i._printf_post_padding)
    i._printf_pre_padding                    0x08003b08   Section        0  printfa.o(i._printf_pre_padding)
    _printf_pre_padding                      0x08003b09   Thumb Code    44  printfa.o(i._printf_pre_padding)
    i._sputc                                 0x08003b34   Section        0  printfa.o(i._sputc)
    _sputc                                   0x08003b35   Thumb Code    10  printfa.o(i._sputc)
    i.delay_init                             0x08003b40   Section        0  delay.o(i.delay_init)
    i.fputc                                  0x08003b78   Section        0  usart2.o(i.fputc)
    i.main                                   0x08003b9c   Section        0  main.o(i.main)
    .data                                    0x20000000   Section        1  usart1_pm25.o(.data)
    .data                                    0x20000001   Section        9  usart3_co.o(.data)
    .data                                    0x2000000a   Section        9  usart4_co2_t6703.o(.data)
    .data                                    0x20000013   Section        9  usart5_ch2o_as04.o(.data)
    .data                                    0x2000001c   Section        9  usart6_co2_s8_0053.o(.data)
    .data                                    0x20000025   Section        1  usart7_ch2o_dart_2_fe5.o(.data)
    .data                                    0x20000026   Section       33  usart8_comm.o(.data)
    .data                                    0x20000047   Section        1  sht30.o(.data)
    _i2cAddress                              0x20000047   Data           1  sht30.o(.data)
    .data                                    0x20000048   Section        2  w25q64.o(.data)
    .data                                    0x2000004a   Section        4  delay.o(.data)
    fac_us                                   0x2000004a   Data           1  delay.o(.data)
    fac_ms                                   0x2000004c   Data           2  delay.o(.data)
    .data                                    0x20000050   Section       21  main.o(.data)
    .data                                    0x20000065   Section        7  stm32f0xx_it.o(.data)
    start                                    0x20000065   Data           1  stm32f0xx_it.o(.data)
    USART3_start                             0x20000066   Data           1  stm32f0xx_it.o(.data)
    USART4_start                             0x20000067   Data           1  stm32f0xx_it.o(.data)
    USART5_start                             0x20000068   Data           1  stm32f0xx_it.o(.data)
    USART6_start                             0x20000069   Data           1  stm32f0xx_it.o(.data)
    USART7_start                             0x2000006a   Data           1  stm32f0xx_it.o(.data)
    USART8_start                             0x2000006b   Data           1  stm32f0xx_it.o(.data)
    .data                                    0x2000006c   Section       20  system_stm32f0xx.o(.data)
    .data                                    0x20000080   Section       16  stm32f0xx_rcc.o(.data)
    APBAHBPrescTable                         0x20000080   Data          16  stm32f0xx_rcc.o(.data)
    .data                                    0x20000090   Section        4  stdout.o(.data)
    .bss                                     0x20000094   Section       64  usart1_pm25.o(.bss)
    .bss                                     0x200000d4   Section       64  usart3_co.o(.bss)
    .bss                                     0x20000114   Section       64  usart4_co2_t6703.o(.bss)
    .bss                                     0x20000154   Section       64  usart5_ch2o_as04.o(.bss)
    .bss                                     0x20000194   Section       64  usart6_co2_s8_0053.o(.bss)
    .bss                                     0x200001d4   Section       64  usart7_ch2o_dart_2_fe5.o(.bss)
    .bss                                     0x20000214   Section      168  usart8_comm.o(.bss)
    .bss                                     0x200002bc   Section     4121  w25q64.o(.bss)
    .bss                                     0x200012d5   Section       15  main.o(.bss)
    STACK                                    0x200012e8   Section     1024  startup_stm32f091.o(STACK)

    Global Symbols

    Symbol Name                              Value     Ov Type        Size  Object(Section)

    BuildAttributes$$THM_ISAv3M$S$PE$A:L22$X:L11$S22$IEEE1$IW$USESV6$~STKCKD$USESV7$~SHL$OTIME$ROPI$EBA8$MICROLIB$REQ8$PRES8$EABIv2 0x00000000   Number         0  anon$$obj.o ABSOLUTE
    __ARM_use_no_argv                        0x00000000   Number         0  main.o ABSOLUTE
    _printf_a                                0x00000000   Number         0  stubs.o ABSOLUTE
    _printf_c                                0x00000000   Number         0  stubs.o ABSOLUTE
    _printf_charcount                        0x00000000   Number         0  stubs.o ABSOLUTE
    _printf_d                                0x00000000   Number         0  stubs.o ABSOLUTE
    _printf_e                                0x00000000   Number         0  stubs.o ABSOLUTE
    _printf_f                                0x00000000   Number         0  stubs.o ABSOLUTE
    _printf_flags                            0x00000000   Number         0  stubs.o ABSOLUTE
    _printf_fp_dec                           0x00000000   Number         0  stubs.o ABSOLUTE
    _printf_fp_hex                           0x00000000   Number         0  stubs.o ABSOLUTE
    _printf_g                                0x00000000   Number         0  stubs.o ABSOLUTE
    _printf_i                                0x00000000   Number         0  stubs.o ABSOLUTE
    _printf_int_dec                          0x00000000   Number         0  stubs.o ABSOLUTE
    _printf_l                                0x00000000   Number         0  stubs.o ABSOLUTE
    _printf_lc                               0x00000000   Number         0  stubs.o ABSOLUTE
    _printf_ll                               0x00000000   Number         0  stubs.o ABSOLUTE
    _printf_lld                              0x00000000   Number         0  stubs.o ABSOLUTE
    _printf_lli                              0x00000000   Number         0  stubs.o ABSOLUTE
    _printf_llo                              0x00000000   Number         0  stubs.o ABSOLUTE
    _printf_llu                              0x00000000   Number         0  stubs.o ABSOLUTE
    _printf_llx                              0x00000000   Number         0  stubs.o ABSOLUTE
    _printf_longlong_dec                     0x00000000   Number         0  stubs.o ABSOLUTE
    _printf_longlong_hex                     0x00000000   Number         0  stubs.o ABSOLUTE
    _printf_longlong_oct                     0x00000000   Number         0  stubs.o ABSOLUTE
    _printf_ls                               0x00000000   Number         0  stubs.o ABSOLUTE
    _printf_mbtowc                           0x00000000   Number         0  stubs.o ABSOLUTE
    _printf_n                                0x00000000   Number         0  stubs.o ABSOLUTE
    _printf_o                                0x00000000   Number         0  stubs.o ABSOLUTE
    _printf_p                                0x00000000   Number         0  stubs.o ABSOLUTE
    _printf_percent                          0x00000000   Number         0  stubs.o ABSOLUTE
    _printf_pre_padding                      0x00000000   Number         0  stubs.o ABSOLUTE
    _printf_return_value                     0x00000000   Number         0  stubs.o ABSOLUTE
    _printf_s                                0x00000000   Number         0  stubs.o ABSOLUTE
    _printf_sizespec                         0x00000000   Number         0  stubs.o ABSOLUTE
    _printf_str                              0x00000000   Number         0  stubs.o ABSOLUTE
    _printf_truncate_signed                  0x00000000   Number         0  stubs.o ABSOLUTE
    _printf_truncate_unsigned                0x00000000   Number         0  stubs.o ABSOLUTE
    _printf_u                                0x00000000   Number         0  stubs.o ABSOLUTE
    _printf_wc                               0x00000000   Number         0  stubs.o ABSOLUTE
    _printf_wctomb                           0x00000000   Number         0  stubs.o ABSOLUTE
    _printf_widthprec                        0x00000000   Number         0  stubs.o ABSOLUTE
    _printf_x                                0x00000000   Number         0  stubs.o ABSOLUTE
    __cpp_initialize__aeabi_                  - Undefined Weak Reference
    __cxa_finalize                            - Undefined Weak Reference
    __decompress                              - Undefined Weak Reference
    _clock_init                               - Undefined Weak Reference
    _microlib_exit                            - Undefined Weak Reference
    __Vectors_Size                           0x000000bc   Number         0  startup_stm32f091.o ABSOLUTE
    __Vectors                                0x08000000   Data           4  startup_stm32f091.o(RESET)
    __Vectors_End                            0x080000bc   Data           0  startup_stm32f091.o(RESET)
    __main                                   0x080000bd   Thumb Code     0  entry.o(.ARM.Collect$$$$00000000)
    _main_stk                                0x080000bd   Thumb Code     0  entry2.o(.ARM.Collect$$$$00000001)
    _main_scatterload                        0x080000c1   Thumb Code     0  entry5.o(.ARM.Collect$$$$00000004)
    __main_after_scatterload                 0x080000c5   Thumb Code     0  entry5.o(.ARM.Collect$$$$00000004)
    _main_clock                              0x080000c5   Thumb Code     0  entry7b.o(.ARM.Collect$$$$00000008)
    _main_cpp_init                           0x080000c5   Thumb Code     0  entry8b.o(.ARM.Collect$$$$0000000A)
    _main_init                               0x080000c5   Thumb Code     0  entry9a.o(.ARM.Collect$$$$0000000B)
    __rt_final_cpp                           0x080000cd   Thumb Code     0  entry10a.o(.ARM.Collect$$$$0000000D)
    __rt_final_exit                          0x080000cd   Thumb Code     0  entry11a.o(.ARM.Collect$$$$0000000F)
    Reset_Handler                            0x080000d1   Thumb Code    38  startup_stm32f091.o(.text)
    ADC1_COMP_IRQHandler                     0x08000101   Thumb Code     0  startup_stm32f091.o(.text)
    CEC_CAN_IRQHandler                       0x08000101   Thumb Code     0  startup_stm32f091.o(.text)
    DMA1_Ch1_IRQHandler                      0x08000101   Thumb Code     0  startup_stm32f091.o(.text)
    DMA1_Ch2_3_DMA2_Ch1_2_IRQHandler         0x08000101   Thumb Code     0  startup_stm32f091.o(.text)
    DMA1_Ch4_7_DMA2_Ch3_5_IRQHandler         0x08000101   Thumb Code     0  startup_stm32f091.o(.text)
    EXTI0_1_IRQHandler                       0x08000101   Thumb Code     0  startup_stm32f091.o(.text)
    EXTI2_3_IRQHandler                       0x08000101   Thumb Code     0  startup_stm32f091.o(.text)
    EXTI4_15_IRQHandler                      0x08000101   Thumb Code     0  startup_stm32f091.o(.text)
    FLASH_IRQHandler                         0x08000101   Thumb Code     0  startup_stm32f091.o(.text)
    I2C1_IRQHandler                          0x08000101   Thumb Code     0  startup_stm32f091.o(.text)
    I2C2_IRQHandler                          0x08000101   Thumb Code     0  startup_stm32f091.o(.text)
    PVD_VDDIO2_IRQHandler                    0x08000101   Thumb Code     0  startup_stm32f091.o(.text)
    RCC_CRS_IRQHandler                       0x08000101   Thumb Code     0  startup_stm32f091.o(.text)
    RTC_IRQHandler                           0x08000101   Thumb Code     0  startup_stm32f091.o(.text)
    SPI1_IRQHandler                          0x08000101   Thumb Code     0  startup_stm32f091.o(.text)
    SPI2_IRQHandler                          0x08000101   Thumb Code     0  startup_stm32f091.o(.text)
    TIM14_IRQHandler                         0x08000101   Thumb Code     0  startup_stm32f091.o(.text)
    TIM15_IRQHandler                         0x08000101   Thumb Code     0  startup_stm32f091.o(.text)
    TIM16_IRQHandler                         0x08000101   Thumb Code     0  startup_stm32f091.o(.text)
    TIM17_IRQHandler                         0x08000101   Thumb Code     0  startup_stm32f091.o(.text)
    TIM1_BRK_UP_TRG_COM_IRQHandler           0x08000101   Thumb Code     0  startup_stm32f091.o(.text)
    TIM1_CC_IRQHandler                       0x08000101   Thumb Code     0  startup_stm32f091.o(.text)
    TIM3_IRQHandler                          0x08000101   Thumb Code     0  startup_stm32f091.o(.text)
    TIM6_DAC_IRQHandler                      0x08000101   Thumb Code     0  startup_stm32f091.o(.text)
    TIM7_IRQHandler                          0x08000101   Thumb Code     0  startup_stm32f091.o(.text)
    TSC_IRQHandler                           0x08000101   Thumb Code     0  startup_stm32f091.o(.text)
    USART2_IRQHandler                        0x08000101   Thumb Code     0  startup_stm32f091.o(.text)
    WWDG_IRQHandler                          0x08000101   Thumb Code     0  startup_stm32f091.o(.text)
    __aeabi_uidiv                            0x08000129   Thumb Code     0  uidiv.o(.text)
    __aeabi_uidivmod                         0x08000129   Thumb Code    44  uidiv.o(.text)
    strlen                                   0x08000155   Thumb Code    14  strlen.o(.text)
    __aeabi_fadd                             0x08000163   Thumb Code   162  fadd.o(.text)
    __aeabi_fsub                             0x08000205   Thumb Code     8  fadd.o(.text)
    __aeabi_frsub                            0x0800020d   Thumb Code     8  fadd.o(.text)
    __aeabi_fmul                             0x08000215   Thumb Code   122  fmul.o(.text)
    __aeabi_fdiv                             0x0800028f   Thumb Code   124  fdiv.o(.text)
    __aeabi_ui2f                             0x0800030b   Thumb Code    14  ffltui.o(.text)
    __aeabi_f2iz                             0x08000319   Thumb Code    50  ffixi.o(.text)
    __aeabi_f2d                              0x0800034b   Thumb Code    40  f2d.o(.text)
    __aeabi_uldivmod                         0x08000373   Thumb Code    96  uldiv.o(.text)
    __I$use$fp                               0x080003d3   Thumb Code     0  iusefp.o(.text)
    _float_round                             0x080003d3   Thumb Code    16  fepilogue.o(.text)
    _float_epilogue                          0x080003e3   Thumb Code   114  fepilogue.o(.text)
    __aeabi_dadd                             0x08000455   Thumb Code   328  dadd.o(.text)
    __aeabi_dsub                             0x0800059d   Thumb Code    12  dadd.o(.text)
    __aeabi_drsub                            0x080005a9   Thumb Code    12  dadd.o(.text)
    __aeabi_dmul                             0x080005b9   Thumb Code   202  dmul.o(.text)
    __aeabi_ddiv                             0x08000689   Thumb Code   234  ddiv.o(.text)
    __aeabi_d2ulz                            0x08000779   Thumb Code    54  dfixul.o(.text)
    __aeabi_cdrcmple                         0x080007b9   Thumb Code    38  cdrcmple.o(.text)
    __scatterload                            0x080007e1   Thumb Code    28  init.o(.text)
    __scatterload_rt2                        0x080007e1   Thumb Code     0  init.o(.text)
    __aeabi_llsl                             0x08000805   Thumb Code    32  llshl.o(.text)
    _ll_shift_l                              0x08000805   Thumb Code     0  llshl.o(.text)
    __aeabi_llsr                             0x08000825   Thumb Code    34  llushr.o(.text)
    _ll_ushift_r                             0x08000825   Thumb Code     0  llushr.o(.text)
    __aeabi_lasr                             0x08000847   Thumb Code    38  llsshr.o(.text)
    _ll_sshift_r                             0x08000847   Thumb Code     0  llsshr.o(.text)
    _double_round                            0x0800086d   Thumb Code    26  depilogue.o(.text)
    _double_epilogue                         0x08000887   Thumb Code   164  depilogue.o(.text)
    GPIO_Init                                0x0800092b   Thumb Code   144  stm32f0xx_gpio.o(i.GPIO_Init)
    GPIO_PinAFConfig                         0x080009bb   Thumb Code    68  stm32f0xx_gpio.o(i.GPIO_PinAFConfig)
    GPIO_ResetBits                           0x080009ff   Thumb Code     4  stm32f0xx_gpio.o(i.GPIO_ResetBits)
    GPIO_SetBits                             0x08000a03   Thumb Code     4  stm32f0xx_gpio.o(i.GPIO_SetBits)
    HardFault_Handler                        0x08000a07   Thumb Code     4  stm32f0xx_it.o(i.HardFault_Handler)
    I2C_SDA_IN                               0x08000acd   Thumb Code    34  iaq.o(i.I2C_SDA_IN)
    I2C_SDA_OUT                              0x08000aef   Thumb Code    34  iaq.o(i.I2C_SDA_OUT)
    I2c_Init                                 0x08000cf5   Thumb Code    52  sht30.o(i.I2c_Init)
    I2c_ReadByte                             0x08000d29   Thumb Code   152  sht30.o(i.I2c_ReadByte)
    I2c_StartCondition                       0x08000dc5   Thumb Code    54  sht30.o(i.I2c_StartCondition)
    I2c_StopCondition                        0x08000e01   Thumb Code    54  sht30.o(i.I2c_StopCondition)
    I2c_WriteByte                            0x08000e6d   Thumb Code   122  sht30.o(i.I2c_WriteByte)
    IAQ_Init                                 0x08000eed   Thumb Code    54  iaq.o(i.IAQ_Init)
    IAQ_Read                                 0x08000f25   Thumb Code   114  iaq.o(i.IAQ_Read)
    LED_Init                                 0x08000fc9   Thumb Code    50  led.o(i.LED_Init)
    NMI_Handler                              0x08000ffb   Thumb Code     2  stm32f0xx_it.o(i.NMI_Handler)
    NVIC_Init                                0x08000ffd   Thumb Code   106  stm32f0xx_misc.o(i.NVIC_Init)
    PendSV_Handler                           0x0800106d   Thumb Code     2  stm32f0xx_it.o(i.PendSV_Handler)
    RCC_AHBPeriphClockCmd                    0x08001071   Thumb Code    28  stm32f0xx_rcc.o(i.RCC_AHBPeriphClockCmd)
    RCC_APB1PeriphClockCmd                   0x08001091   Thumb Code    28  stm32f0xx_rcc.o(i.RCC_APB1PeriphClockCmd)
    RCC_APB1PeriphResetCmd                   0x080010b1   Thumb Code    28  stm32f0xx_rcc.o(i.RCC_APB1PeriphResetCmd)
    RCC_APB2PeriphClockCmd                   0x080010d1   Thumb Code    28  stm32f0xx_rcc.o(i.RCC_APB2PeriphClockCmd)
    RCC_APB2PeriphResetCmd                   0x080010f1   Thumb Code    28  stm32f0xx_rcc.o(i.RCC_APB2PeriphResetCmd)
    RCC_GetClocksFreq                        0x08001111   Thumb Code   554  stm32f0xx_rcc.o(i.RCC_GetClocksFreq)
    SHT3X_Init                               0x0800140b   Thumb Code    16  sht30.o(i.SHT3X_Init)
    SHT3X_ReadMeasurementBuffer              0x08001473   Thumb Code   100  sht30.o(i.SHT3X_ReadMeasurementBuffer)
    SHT3X_SetI2cAdr                          0x080014d9   Thumb Code     6  sht30.o(i.SHT3X_SetI2cAdr)
    SHT3X_StartPeriodicMeasurment            0x080014e5   Thumb Code   292  sht30.o(i.SHT3X_StartPeriodicMeasurment)
    SHT3x_ReadSerialNumber                   0x08001675   Thumb Code    88  sht30.o(i.SHT3x_ReadSerialNumber)
    SPI2_Init                                0x080016cd   Thumb Code   218  w25q64.o(i.SPI2_Init)
    SPI2_ReadWriteByte                       0x080017b1   Thumb Code    76  w25q64.o(i.SPI2_ReadWriteByte)
    SPI2_SetSpeed                            0x08001801   Thumb Code    34  w25q64.o(i.SPI2_SetSpeed)
    SPI_Cmd                                  0x0800182d   Thumb Code    24  stm32f0xx_spi.o(i.SPI_Cmd)
    SPI_FLASH_Write_Enable                   0x08001849   Thumb Code    30  w25q64.o(i.SPI_FLASH_Write_Enable)
    SPI_Flash_Erase_Sector                   0x0800186d   Thumb Code    68  w25q64.o(i.SPI_Flash_Erase_Sector)
    SPI_Flash_Init                           0x080018b5   Thumb Code    22  w25q64.o(i.SPI_Flash_Init)
    SPI_Flash_Read                           0x080018d1   Thumb Code    78  w25q64.o(i.SPI_Flash_Read)
    SPI_Flash_ReadID                         0x08001925   Thumb Code    70  w25q64.o(i.SPI_Flash_ReadID)
    SPI_Flash_ReadSR                         0x08001971   Thumb Code    42  w25q64.o(i.SPI_Flash_ReadSR)
    SPI_Flash_Wait_Busy                      0x080019a1   Thumb Code    18  w25q64.o(i.SPI_Flash_Wait_Busy)
    SPI_Flash_Write                          0x080019b5   Thumb Code   186  w25q64.o(i.SPI_Flash_Write)
    SPI_Flash_Write_NoCheck                  0x08001a75   Thumb Code    68  w25q64.o(i.SPI_Flash_Write_NoCheck)
    SPI_Flash_Write_Page                     0x08001ab9   Thumb Code    84  w25q64.o(i.SPI_Flash_Write_Page)
    SPI_I2S_GetFlagStatus                    0x08001b11   Thumb Code    20  stm32f0xx_spi.o(i.SPI_I2S_GetFlagStatus)
    SPI_Init                                 0x08001b25   Thumb Code    76  stm32f0xx_spi.o(i.SPI_Init)
    SPI_ReceiveData8                         0x08001b7d   Thumb Code    12  stm32f0xx_spi.o(i.SPI_ReceiveData8)
    SPI_RxFIFOThresholdConfig                0x08001b89   Thumb Code    16  stm32f0xx_spi.o(i.SPI_RxFIFOThresholdConfig)
    SPI_SendData8                            0x08001b9d   Thumb Code    10  stm32f0xx_spi.o(i.SPI_SendData8)
    SVC_Handler                              0x08001ba7   Thumb Code     2  stm32f0xx_it.o(i.SVC_Handler)
    SysTick_CLKSourceConfig                  0x08001c81   Thumb Code    32  stm32f0xx_misc.o(i.SysTick_CLKSourceConfig)
    SysTick_Handler                          0x08001ca5   Thumb Code     2  stm32f0xx_it.o(i.SysTick_Handler)
    SysTick_delay_ms                         0x08001ca9   Thumb Code    24  delay.o(i.SysTick_delay_ms)
    SysTick_delay_us                         0x08001cc5   Thumb Code    30  delay.o(i.SysTick_delay_us)
    SystemInit                               0x08001ce5   Thumb Code   110  system_stm32f0xx.o(i.SystemInit)
    TIM2_IRQHandler                          0x08001d61   Thumb Code   292  stm32f0xx_it.o(i.TIM2_IRQHandler)
    TIM2_Init                                0x08001f25   Thumb Code    90  tim2.o(i.TIM2_Init)
    TIM_ClearFlag                            0x08001f89   Thumb Code     6  stm32f0xx_tim.o(i.TIM_ClearFlag)
    TIM_ClearITPendingBit                    0x08001f8f   Thumb Code     6  stm32f0xx_tim.o(i.TIM_ClearITPendingBit)
    TIM_Cmd                                  0x08001f95   Thumb Code    24  stm32f0xx_tim.o(i.TIM_Cmd)
    TIM_DeInit                               0x08001fb1   Thumb Code   228  stm32f0xx_tim.o(i.TIM_DeInit)
    TIM_GetITStatus                          0x080020b5   Thumb Code    38  stm32f0xx_tim.o(i.TIM_GetITStatus)
    TIM_ITConfig                             0x080020db   Thumb Code    20  stm32f0xx_tim.o(i.TIM_ITConfig)
    TIM_TimeBaseInit                         0x080020f1   Thumb Code    90  stm32f0xx_tim.o(i.TIM_TimeBaseInit)
    USART1_IRQHandler                        0x0800216d   Thumb Code   192  stm32f0xx_it.o(i.USART1_IRQHandler)
    USART1_PM25_Init                         0x08002261   Thumb Code   188  usart1_pm25.o(i.USART1_PM25_Init)
    USART2_Init                              0x08002329   Thumb Code   128  usart2.o(i.USART2_Init)
    USART3_8_IRQHandler                      0x080023ad   Thumb Code  1538  stm32f0xx_it.o(i.USART3_8_IRQHandler)
    USART3_CO_Init                           0x08002a45   Thumb Code   180  usart3_co.o(i.USART3_CO_Init)
    USART3_SendStr                           0x08002b09   Thumb Code    52  usart3_co.o(i.USART3_SendStr)
    USART4_CO2_T6703_Init                    0x08002b41   Thumb Code   192  usart4_co2_t6703.o(i.USART4_CO2_T6703_Init)
    USART4_SendStr                           0x08002c11   Thumb Code    52  usart4_co2_t6703.o(i.USART4_SendStr)
    USART5_CH2O_AS04_Init                    0x08002c49   Thumb Code   178  usart5_ch2o_as04.o(i.USART5_CH2O_AS04_Init)
    USART5_SendStr                           0x08002d0d   Thumb Code    52  usart5_ch2o_as04.o(i.USART5_SendStr)
    USART6_CO2_S8_0053_Init                  0x08002d45   Thumb Code   176  usart6_co2_s8_0053.o(i.USART6_CO2_S8_0053_Init)
    USART6_SendStr                           0x08002e05   Thumb Code    52  usart6_co2_s8_0053.o(i.USART6_SendStr)
    USART7_CH2O_Dart_2_FE5_Init              0x08002e3d   Thumb Code   178  usart7_ch2o_dart_2_fe5.o(i.USART7_CH2O_Dart_2_FE5_Init)
    USART8_Comm_Init                         0x08002f01   Thumb Code   176  usart8_comm.o(i.USART8_Comm_Init)
    USART8_SendStr                           0x08002fc1   Thumb Code    52  usart8_comm.o(i.USART8_SendStr)
    USART_ClearFlag                          0x08002ff9   Thumb Code     4  stm32f0xx_usart.o(i.USART_ClearFlag)
    USART_ClearITPendingBit                  0x08002ffd   Thumb Code    18  stm32f0xx_usart.o(i.USART_ClearITPendingBit)
    USART_Cmd                                0x0800300f   Thumb Code    24  stm32f0xx_usart.o(i.USART_Cmd)
    USART_GetFlagStatus                      0x08003027   Thumb Code    20  stm32f0xx_usart.o(i.USART_GetFlagStatus)
    USART_GetITStatus                        0x0800303b   Thumb Code    78  stm32f0xx_usart.o(i.USART_GetITStatus)
    USART_ITConfig                           0x08003089   Thumb Code    66  stm32f0xx_usart.o(i.USART_ITConfig)
    USART_Init                               0x080030cd   Thumb Code   226  stm32f0xx_usart.o(i.USART_Init)
    USART_ReceiveData                        0x080031c5   Thumb Code    10  stm32f0xx_usart.o(i.USART_ReceiveData)
    USART_SendData                           0x080031cf   Thumb Code     8  stm32f0xx_usart.o(i.USART_SendData)
    __0printf                                0x080031d9   Thumb Code    24  printfa.o(i.__0printf)
    __1printf                                0x080031d9   Thumb Code     0  printfa.o(i.__0printf)
    __2printf                                0x080031d9   Thumb Code     0  printfa.o(i.__0printf)
    __c89printf                              0x080031d9   Thumb Code     0  printfa.o(i.__0printf)
    printf                                   0x080031d9   Thumb Code     0  printfa.o(i.__0printf)
    __0sprintf                               0x080031f9   Thumb Code    36  printfa.o(i.__0sprintf)
    __1sprintf                               0x080031f9   Thumb Code     0  printfa.o(i.__0sprintf)
    __2sprintf                               0x080031f9   Thumb Code     0  printfa.o(i.__0sprintf)
    __c89sprintf                             0x080031f9   Thumb Code     0  printfa.o(i.__0sprintf)
    sprintf                                  0x080031f9   Thumb Code     0  printfa.o(i.__0sprintf)
    __ARM_clz                                0x08003221   Thumb Code    46  depilogue.o(i.__ARM_clz)
    __ARM_common_switch8                     0x0800324f   Thumb Code    28  sht30.o(i.__ARM_common_switch8)
    __scatterload_copy                       0x0800326b   Thumb Code    14  handlers.o(i.__scatterload_copy)
    __scatterload_null                       0x08003279   Thumb Code     2  handlers.o(i.__scatterload_null)
    __scatterload_zeroinit                   0x0800327b   Thumb Code    14  handlers.o(i.__scatterload_zeroinit)
    delay_init                               0x08003b41   Thumb Code    40  delay.o(i.delay_init)
    fputc                                    0x08003b79   Thumb Code    32  usart2.o(i.fputc)
    main                                     0x08003b9d   Thumb Code   184  main.o(i.main)
    Region$$Table$$Base                      0x08003cb4   Number         0  anon$$obj.o(Region$$Table)
    Region$$Table$$Limit                     0x08003cd4   Number         0  anon$$obj.o(Region$$Table)
    USART_RX_STA                             0x20000000   Data           1  usart1_pm25.o(.data)
    USART3_RX_STA                            0x20000001   Data           1  usart3_co.o(.data)
    ReadCO_Cmd                               0x20000002   Data           8  usart3_co.o(.data)
    USART4_RX_STA                            0x2000000a   Data           1  usart4_co2_t6703.o(.data)
    T6703_ReadGas_Cmd                        0x2000000b   Data           8  usart4_co2_t6703.o(.data)
    USART5_RX_STA                            0x20000013   Data           1  usart5_ch2o_as04.o(.data)
    ReadCH2O_Cmd                             0x20000014   Data           8  usart5_ch2o_as04.o(.data)
    USART6_RX_STA                            0x2000001c   Data           1  usart6_co2_s8_0053.o(.data)
    ReadCO2_S8_Cmd                           0x2000001d   Data           8  usart6_co2_s8_0053.o(.data)
    USART7_RX_STA                            0x20000025   Data           1  usart7_ch2o_dart_2_fe5.o(.data)
    USART8_RX_STA                            0x20000026   Data           1  usart8_comm.o(.data)
    USART8_Send_Cmd_01                       0x20000027   Data           7  usart8_comm.o(.data)
    USART8_Send_Cmd_0C                       0x2000002e   Data           7  usart8_comm.o(.data)
    USART8_Send_Gas_Data                     0x20000035   Data          17  usart8_comm.o(.data)
    USART8_Send_Cmd_0C_Data                  0x20000046   Data           1  usart8_comm.o(.data)
    SPI_FLASH_TYPE                           0x20000048   Data           2  w25q64.o(.data)
    error                                    0x20000050   Data           1  main.o(.data)
    serialNumber                             0x20000054   Data           4  main.o(.data)
    status                                   0x20000058   Data           2  main.o(.data)
    temperature                              0x2000005c   Data           4  main.o(.data)
    humidity                                 0x20000060   Data           4  main.o(.data)
    dd                                       0x20000064   Data           1  main.o(.data)
    SystemCoreClock                          0x2000006c   Data           4  system_stm32f0xx.o(.data)
    AHBPrescTable                            0x20000070   Data          16  system_stm32f0xx.o(.data)
    __stdout                                 0x20000090   Data           4  stdout.o(.data)
    USART_RX_BUF                             0x20000094   Data          64  usart1_pm25.o(.bss)
    USART3_RX_BUF                            0x200000d4   Data          64  usart3_co.o(.bss)
    USART4_RX_BUF                            0x20000114   Data          64  usart4_co2_t6703.o(.bss)
    USART5_RX_BUF                            0x20000154   Data          64  usart5_ch2o_as04.o(.bss)
    USART6_RX_BUF                            0x20000194   Data          64  usart6_co2_s8_0053.o(.bss)
    USART7_RX_BUF                            0x200001d4   Data          64  usart7_ch2o_dart_2_fe5.o(.bss)
    USART8_RX_BUF                            0x20000214   Data          64  usart8_comm.o(.bss)
    USART8_Send_Cmd_04_Data                  0x20000254   Data          40  usart8_comm.o(.bss)
    USART8_Cmd_04_Data                       0x2000027c   Data          64  usart8_comm.o(.bss)
    SPI_Flash_ReadBuffer                     0x200002bc   Data          25  w25q64.o(.bss)
    SPI_FLASH_BUF                            0x200002d5   Data        4096  w25q64.o(.bss)
    buf                                      0x200012d5   Data          15  main.o(.bss)
    __initial_sp                             0x200016e8   Data           0  startup_stm32f091.o(STACK)



==============================================================================

Memory Map of the image

  Image Entry point : 0x080000bd

  Load Region LR_IROM1 (Base: 0x08000000, Size: 0x00003d68, Max: 0x00040000, ABSOLUTE)

    Execution Region ER_IROM1 (Base: 0x08000000, Size: 0x00003cd4, Max: 0x00040000, ABSOLUTE)

    Base Addr    Size         Type   Attr      Idx    E Section Name        Object

    0x08000000   0x000000bc   Data   RO          914    RESET               startup_stm32f091.o
    0x080000bc   0x00000000   Code   RO         4343  * .ARM.Collect$$$$00000000  mc_p.l(entry.o)
    0x080000bc   0x00000004   Code   RO         4629    .ARM.Collect$$$$00000001  mc_p.l(entry2.o)
    0x080000c0   0x00000004   Code   RO         4632    .ARM.Collect$$$$00000004  mc_p.l(entry5.o)
    0x080000c4   0x00000000   Code   RO         4634    .ARM.Collect$$$$00000008  mc_p.l(entry7b.o)
    0x080000c4   0x00000000   Code   RO         4636    .ARM.Collect$$$$0000000A  mc_p.l(entry8b.o)
    0x080000c4   0x00000008   Code   RO         4637    .ARM.Collect$$$$0000000B  mc_p.l(entry9a.o)
    0x080000cc   0x00000000   Code   RO         4639    .ARM.Collect$$$$0000000D  mc_p.l(entry10a.o)
    0x080000cc   0x00000000   Code   RO         4641    .ARM.Collect$$$$0000000F  mc_p.l(entry11a.o)
    0x080000cc   0x00000004   Code   RO         4630    .ARM.Collect$$$$00002712  mc_p.l(entry2.o)
    0x080000d0   0x00000058   Code   RO          915    .text               startup_stm32f091.o
    0x08000128   0x0000002c   Code   RO         4346    .text               mc_p.l(uidiv.o)
    0x08000154   0x0000000e   Code   RO         4348    .text               mc_p.l(strlen.o)
    0x08000162   0x000000b2   Code   RO         4611    .text               mf_p.l(fadd.o)
    0x08000214   0x0000007a   Code   RO         4613    .text               mf_p.l(fmul.o)
    0x0800028e   0x0000007c   Code   RO         4615    .text               mf_p.l(fdiv.o)
    0x0800030a   0x0000000e   Code   RO         4617    .text               mf_p.l(ffltui.o)
    0x08000318   0x00000032   Code   RO         4619    .text               mf_p.l(ffixi.o)
    0x0800034a   0x00000028   Code   RO         4623    .text               mf_p.l(f2d.o)
    0x08000372   0x00000060   Code   RO         4644    .text               mc_p.l(uldiv.o)
    0x080003d2   0x00000000   Code   RO         4646    .text               mc_p.l(iusefp.o)
    0x080003d2   0x00000082   Code   RO         4647    .text               mf_p.l(fepilogue.o)
    0x08000454   0x00000164   Code   RO         4649    .text               mf_p.l(dadd.o)
    0x080005b8   0x000000d0   Code   RO         4651    .text               mf_p.l(dmul.o)
    0x08000688   0x000000f0   Code   RO         4653    .text               mf_p.l(ddiv.o)
    0x08000778   0x00000040   Code   RO         4655    .text               mf_p.l(dfixul.o)
    0x080007b8   0x00000028   Code   RO         4657    .text               mf_p.l(cdrcmple.o)
    0x080007e0   0x00000024   Code   RO         4659    .text               mc_p.l(init.o)
    0x08000804   0x00000020   Code   RO         4661    .text               mc_p.l(llshl.o)
    0x08000824   0x00000022   Code   RO         4663    .text               mc_p.l(llushr.o)
    0x08000846   0x00000026   Code   RO         4665    .text               mc_p.l(llsshr.o)
    0x0800086c   0x000000be   Code   RO         4667    .text               mf_p.l(depilogue.o)
    0x0800092a   0x00000090   Code   RO         2022    i.GPIO_Init         stm32f0xx_gpio.o
    0x080009ba   0x00000044   Code   RO         2023    i.GPIO_PinAFConfig  stm32f0xx_gpio.o
    0x080009fe   0x00000004   Code   RO         2029    i.GPIO_ResetBits    stm32f0xx_gpio.o
    0x08000a02   0x00000004   Code   RO         2030    i.GPIO_SetBits      stm32f0xx_gpio.o
    0x08000a06   0x00000004   Code   RO          945    i.HardFault_Handler  stm32f0xx_it.o
    0x08000a0a   0x00000002   PAD
    0x08000a0c   0x00000054   Code   RO          812    i.I2C_Ack           iaq.o
    0x08000a60   0x0000006c   Code   RO          813    i.I2C_ReceiveByte   iaq.o
    0x08000acc   0x00000022   Code   RO          814    i.I2C_SDA_IN        iaq.o
    0x08000aee   0x00000022   Code   RO          815    i.I2C_SDA_OUT       iaq.o
    0x08000b10   0x0000008c   Code   RO          816    i.I2C_SendByte      iaq.o
    0x08000b9c   0x000000a0   Code   RO          817    i.I2C_Start         iaq.o
    0x08000c3c   0x00000048   Code   RO          818    i.I2C_Stop          iaq.o
    0x08000c84   0x00000070   Code   RO          819    i.I2C_Wait_Ack      iaq.o
    0x08000cf4   0x00000034   Code   RO          393    i.I2c_Init          sht30.o
    0x08000d28   0x0000009c   Code   RO          394    i.I2c_ReadByte      sht30.o
    0x08000dc4   0x0000003c   Code   RO          395    i.I2c_StartCondition  sht30.o
    0x08000e00   0x0000003c   Code   RO          396    i.I2c_StopCondition  sht30.o
    0x08000e3c   0x00000030   Code   RO          397    i.I2c_WaitWhileClockStreching  sht30.o
    0x08000e6c   0x00000080   Code   RO          398    i.I2c_WriteByte     sht30.o
    0x08000eec   0x00000036   Code   RO          820    i.IAQ_Init          iaq.o
    0x08000f22   0x00000002   PAD
    0x08000f24   0x000000a4   Code   RO          821    i.IAQ_Read          iaq.o
    0x08000fc8   0x00000032   Code   RO          746    i.LED_Init          led.o
    0x08000ffa   0x00000002   Code   RO          946    i.NMI_Handler       stm32f0xx_it.o
    0x08000ffc   0x00000070   Code   RO         2435    i.NVIC_Init         stm32f0xx_misc.o
    0x0800106c   0x00000002   Code   RO          947    i.PendSV_Handler    stm32f0xx_it.o
    0x0800106e   0x00000002   PAD
    0x08001070   0x00000020   Code   RO         2542    i.RCC_AHBPeriphClockCmd  stm32f0xx_rcc.o
    0x08001090   0x00000020   Code   RO         2544    i.RCC_APB1PeriphClockCmd  stm32f0xx_rcc.o
    0x080010b0   0x00000020   Code   RO         2545    i.RCC_APB1PeriphResetCmd  stm32f0xx_rcc.o
    0x080010d0   0x00000020   Code   RO         2546    i.RCC_APB2PeriphClockCmd  stm32f0xx_rcc.o
    0x080010f0   0x00000020   Code   RO         2547    i.RCC_APB2PeriphResetCmd  stm32f0xx_rcc.o
    0x08001110   0x00000248   Code   RO         2556    i.RCC_GetClocksFreq  stm32f0xx_rcc.o
    0x08001358   0x0000003e   Code   RO          399    i.SHT3X_CalcCrc     sht30.o
    0x08001396   0x00000002   PAD
    0x08001398   0x00000024   Code   RO          400    i.SHT3X_CalcHumidity  sht30.o
    0x080013bc   0x00000030   Code   RO          403    i.SHT3X_CalcTemperature  sht30.o
    0x080013ec   0x0000001e   Code   RO          404    i.SHT3X_CheckCrc    sht30.o
    0x0800140a   0x00000010   Code   RO          413    i.SHT3X_Init        sht30.o
    0x0800141a   0x00000058   Code   RO          414    i.SHT3X_Read2BytesAndCrc  sht30.o
    0x08001472   0x00000064   Code   RO          416    i.SHT3X_ReadMeasurementBuffer  sht30.o
    0x080014d6   0x00000002   PAD
    0x080014d8   0x0000000c   Code   RO          419    i.SHT3X_SetI2cAdr   sht30.o
    0x080014e4   0x00000134   Code   RO          421    i.SHT3X_StartPeriodicMeasurment  sht30.o
    0x08001618   0x00000020   Code   RO          422    i.SHT3X_StartReadAccess  sht30.o
    0x08001638   0x0000001c   Code   RO          423    i.SHT3X_StartWriteAccess  sht30.o
    0x08001654   0x00000008   Code   RO          424    i.SHT3X_StopAccess  sht30.o
    0x0800165c   0x00000018   Code   RO          427    i.SHT3X_WriteCommand  sht30.o
    0x08001674   0x00000058   Code   RO          428    i.SHT3x_ReadSerialNumber  sht30.o
    0x080016cc   0x000000e4   Code   RO          617    i.SPI2_Init         w25q64.o
    0x080017b0   0x00000050   Code   RO          618    i.SPI2_ReadWriteByte  w25q64.o
    0x08001800   0x0000002c   Code   RO          619    i.SPI2_SetSpeed     w25q64.o
    0x0800182c   0x0000001c   Code   RO         3139    i.SPI_Cmd           stm32f0xx_spi.o
    0x08001848   0x00000024   Code   RO          621    i.SPI_FLASH_Write_Enable  w25q64.o
    0x0800186c   0x00000048   Code   RO          624    i.SPI_Flash_Erase_Sector  w25q64.o
    0x080018b4   0x0000001c   Code   RO          625    i.SPI_Flash_Init    w25q64.o
    0x080018d0   0x00000054   Code   RO          627    i.SPI_Flash_Read    w25q64.o
    0x08001924   0x0000004c   Code   RO          628    i.SPI_Flash_ReadID  w25q64.o
    0x08001970   0x00000030   Code   RO          629    i.SPI_Flash_ReadSR  w25q64.o
    0x080019a0   0x00000012   Code   RO          631    i.SPI_Flash_Wait_Busy  w25q64.o
    0x080019b2   0x00000002   PAD
    0x080019b4   0x000000c0   Code   RO          632    i.SPI_Flash_Write   w25q64.o
    0x08001a74   0x00000044   Code   RO          633    i.SPI_Flash_Write_NoCheck  w25q64.o
    0x08001ab8   0x00000058   Code   RO          634    i.SPI_Flash_Write_Page  w25q64.o
    0x08001b10   0x00000014   Code   RO         3148    i.SPI_I2S_GetFlagStatus  stm32f0xx_spi.o
    0x08001b24   0x00000058   Code   RO         3153    i.SPI_Init          stm32f0xx_spi.o
    0x08001b7c   0x0000000c   Code   RO         3157    i.SPI_ReceiveData8  stm32f0xx_spi.o
    0x08001b88   0x00000014   Code   RO         3158    i.SPI_RxFIFOThresholdConfig  stm32f0xx_spi.o
    0x08001b9c   0x0000000a   Code   RO         3160    i.SPI_SendData8     stm32f0xx_spi.o
    0x08001ba6   0x00000002   Code   RO          948    i.SVC_Handler       stm32f0xx_it.o
    0x08001ba8   0x000000d8   Code   RO         1012    i.SetSysClock       system_stm32f0xx.o
    0x08001c80   0x00000024   Code   RO         2437    i.SysTick_CLKSourceConfig  stm32f0xx_misc.o
    0x08001ca4   0x00000002   Code   RO          949    i.SysTick_Handler   stm32f0xx_it.o
    0x08001ca6   0x00000002   PAD
    0x08001ca8   0x0000001c   Code   RO          768    i.SysTick_delay_ms  delay.o
    0x08001cc4   0x0000001e   Code   RO          769    i.SysTick_delay_us  delay.o
    0x08001ce2   0x00000002   PAD
    0x08001ce4   0x0000007c   Code   RO         1014    i.SystemInit        system_stm32f0xx.o
    0x08001d60   0x000001c4   Code   RO          950    i.TIM2_IRQHandler   stm32f0xx_it.o
    0x08001f24   0x00000064   Code   RO          894    i.TIM2_Init         tim2.o
    0x08001f88   0x00000006   Code   RO         3417    i.TIM_ClearFlag     stm32f0xx_tim.o
    0x08001f8e   0x00000006   Code   RO         3418    i.TIM_ClearITPendingBit  stm32f0xx_tim.o
    0x08001f94   0x0000001c   Code   RO         3423    i.TIM_Cmd           stm32f0xx_tim.o
    0x08001fb0   0x00000104   Code   RO         3428    i.TIM_DeInit        stm32f0xx_tim.o
    0x080020b4   0x00000026   Code   RO         3444    i.TIM_GetITStatus   stm32f0xx_tim.o
    0x080020da   0x00000014   Code   RO         3448    i.TIM_ITConfig      stm32f0xx_tim.o
    0x080020ee   0x00000002   PAD
    0x080020f0   0x0000007c   Code   RO         3496    i.TIM_TimeBaseInit  stm32f0xx_tim.o
    0x0800216c   0x000000f4   Code   RO          951    i.USART1_IRQHandler  stm32f0xx_it.o
    0x08002260   0x000000c8   Code   RO            3    i.USART1_PM25_Init  usart1_pm25.o
    0x08002328   0x00000084   Code   RO          180    i.USART2_Init       usart2.o
    0x080023ac   0x00000698   Code   RO          952    i.USART3_8_IRQHandler  stm32f0xx_it.o
    0x08002a44   0x000000c4   Code   RO          212    i.USART3_CO_Init    usart3_co.o
    0x08002b08   0x00000038   Code   RO          213    i.USART3_SendStr    usart3_co.o
    0x08002b40   0x000000d0   Code   RO          242    i.USART4_CO2_T6703_Init  usart4_co2_t6703.o
    0x08002c10   0x00000038   Code   RO          243    i.USART4_SendStr    usart4_co2_t6703.o
    0x08002c48   0x000000c4   Code   RO          272    i.USART5_CH2O_AS04_Init  usart5_ch2o_as04.o
    0x08002d0c   0x00000038   Code   RO          273    i.USART5_SendStr    usart5_ch2o_as04.o
    0x08002d44   0x000000c0   Code   RO          302    i.USART6_CO2_S8_0053_Init  usart6_co2_s8_0053.o
    0x08002e04   0x00000038   Code   RO          303    i.USART6_SendStr    usart6_co2_s8_0053.o
    0x08002e3c   0x000000c4   Code   RO          332    i.USART7_CH2O_Dart_2_FE5_Init  usart7_ch2o_dart_2_fe5.o
    0x08002f00   0x000000c0   Code   RO          362    i.USART8_Comm_Init  usart8_comm.o
    0x08002fc0   0x00000038   Code   RO          363    i.USART8_SendStr    usart8_comm.o
    0x08002ff8   0x00000004   Code   RO         3978    i.USART_ClearFlag   stm32f0xx_usart.o
    0x08002ffc   0x00000012   Code   RO         3979    i.USART_ClearITPendingBit  stm32f0xx_usart.o
    0x0800300e   0x00000018   Code   RO         3982    i.USART_Cmd         stm32f0xx_usart.o
    0x08003026   0x00000014   Code   RO         3990    i.USART_GetFlagStatus  stm32f0xx_usart.o
    0x0800303a   0x0000004e   Code   RO         3991    i.USART_GetITStatus  stm32f0xx_usart.o
    0x08003088   0x00000042   Code   RO         3993    i.USART_ITConfig    stm32f0xx_usart.o
    0x080030ca   0x00000002   PAD
    0x080030cc   0x000000f8   Code   RO         3994    i.USART_Init        stm32f0xx_usart.o
    0x080031c4   0x0000000a   Code   RO         4006    i.USART_ReceiveData  stm32f0xx_usart.o
    0x080031ce   0x00000008   Code   RO         4011    i.USART_SendData    stm32f0xx_usart.o
    0x080031d6   0x00000002   PAD
    0x080031d8   0x00000020   Code   RO         4583    i.__0printf         mc_p.l(printfa.o)
    0x080031f8   0x00000028   Code   RO         4585    i.__0sprintf        mc_p.l(printfa.o)
    0x08003220   0x0000002e   Code   RO         4669    i.__ARM_clz         mf_p.l(depilogue.o)
    0x0800324e   0x0000001c   Code   RO          610    i.__ARM_common_switch8  sht30.o
    0x0800326a   0x0000000e   Code   RO         4673    i.__scatterload_copy  mc_p.l(handlers.o)
    0x08003278   0x00000002   Code   RO         4674    i.__scatterload_null  mc_p.l(handlers.o)
    0x0800327a   0x0000000e   Code   RO         4675    i.__scatterload_zeroinit  mc_p.l(handlers.o)
    0x08003288   0x00000174   Code   RO         4590    i._fp_digits        mc_p.l(printfa.o)
    0x080033fc   0x000006ec   Code   RO         4591    i._printf_core      mc_p.l(printfa.o)
    0x08003ae8   0x00000020   Code   RO         4592    i._printf_post_padding  mc_p.l(printfa.o)
    0x08003b08   0x0000002c   Code   RO         4593    i._printf_pre_padding  mc_p.l(printfa.o)
    0x08003b34   0x0000000a   Code   RO         4595    i._sputc            mc_p.l(printfa.o)
    0x08003b3e   0x00000002   PAD
    0x08003b40   0x00000038   Code   RO          770    i.delay_init        delay.o
    0x08003b78   0x00000024   Code   RO          182    i.fputc             usart2.o
    0x08003b9c   0x00000118   Code   RO          921    i.main              main.o
    0x08003cb4   0x00000020   Data   RO         4671    Region$$Table       anon$$obj.o


    Execution Region RW_IRAM1 (Base: 0x20000000, Size: 0x000016e8, Max: 0x00008000, ABSOLUTE)

    Base Addr    Size         Type   Attr      Idx    E Section Name        Object

    0x20000000   0x00000001   Data   RW            5    .data               usart1_pm25.o
    0x20000001   0x00000009   Data   RW          215    .data               usart3_co.o
    0x2000000a   0x00000009   Data   RW          245    .data               usart4_co2_t6703.o
    0x20000013   0x00000009   Data   RW          275    .data               usart5_ch2o_as04.o
    0x2000001c   0x00000009   Data   RW          305    .data               usart6_co2_s8_0053.o
    0x20000025   0x00000001   Data   RW          335    .data               usart7_ch2o_dart_2_fe5.o
    0x20000026   0x00000021   Data   RW          365    .data               usart8_comm.o
    0x20000047   0x00000001   Data   RW          429    .data               sht30.o
    0x20000048   0x00000002   Data   RW          636    .data               w25q64.o
    0x2000004a   0x00000004   Data   RW          771    .data               delay.o
    0x2000004e   0x00000002   PAD
    0x20000050   0x00000015   Data   RW          923    .data               main.o
    0x20000065   0x00000007   Data   RW          953    .data               stm32f0xx_it.o
    0x2000006c   0x00000014   Data   RW         1015    .data               system_stm32f0xx.o
    0x20000080   0x00000010   Data   RW         2582    .data               stm32f0xx_rcc.o
    0x20000090   0x00000004   Data   RW         4643    .data               mc_p.l(stdout.o)
    0x20000094   0x00000040   Zero   RW            4    .bss                usart1_pm25.o
    0x200000d4   0x00000040   Zero   RW          214    .bss                usart3_co.o
    0x20000114   0x00000040   Zero   RW          244    .bss                usart4_co2_t6703.o
    0x20000154   0x00000040   Zero   RW          274    .bss                usart5_ch2o_as04.o
    0x20000194   0x00000040   Zero   RW          304    .bss                usart6_co2_s8_0053.o
    0x200001d4   0x00000040   Zero   RW          334    .bss                usart7_ch2o_dart_2_fe5.o
    0x20000214   0x000000a8   Zero   RW          364    .bss                usart8_comm.o
    0x200002bc   0x00001019   Zero   RW          635    .bss                w25q64.o
    0x200012d5   0x0000000f   Zero   RW          922    .bss                main.o
    0x200012e4   0x00000004   PAD
    0x200012e8   0x00000400   Zero   RW          912    STACK               startup_stm32f091.o


==============================================================================

Image component sizes


      Code (inc. data)   RO Data    RW Data    ZI Data      Debug   Object Name

       114         20          0          4          0       1659   delay.o
       962        122          0          0          0       5485   iaq.o
        50          0          0          0          0        483   led.o
       280         96          0         21         15       1335   main.o
      1412         98          0          1          0      12157   sht30.o
        88         38        188          0       1024        672   startup_stm32f091.o
       220          0          0          0          0       2835   stm32f0xx_gpio.o
      2396        554          0          7          0       5183   stm32f0xx_it.o
       148         10          0          0          0       1462   stm32f0xx_misc.o
       744         50          0         16          0       4748   stm32f0xx_rcc.o
       178         20          0          0          0       3968   stm32f0xx_spi.o
       482         70          0          0          0       4723   stm32f0xx_tim.o
       476         22          0          0          0       6529   stm32f0xx_usart.o
       340         24          0         20          0       1765   system_stm32f0xx.o
       100         10          0          0          0        548   tim2.o
       200         12          0          1         64     224099   usart1_pm25.o
       168          8          0          0          0       1170   usart2.o
       252         20          0          9         64       2043   usart3_co.o
       264         20          0          9         64       2181   usart4_co2_t6703.o
       252         22          0          9         64       2156   usart5_ch2o_as04.o
       248         20          0          9         64       2196   usart6_co2_s8_0053.o
       196         18          0          1         64       1480   usart7_ch2o_dart_2_fe5.o
       248         20          0         33        168       2444   usart8_comm.o
      1062         68          0          2       4121       8520   w25q64.o

    ----------------------------------------------------------------------
     10902       1342        220        144       5716     299841   Object Totals
         0          0         32          0          0          0   (incl. Generated)
        22          0          0          2          4          0   (incl. Padding)

    ----------------------------------------------------------------------

      Code (inc. data)   RO Data    RW Data    ZI Data      Debug   Library Member Name

         0          0          0          0          0          0   entry.o
         0          0          0          0          0          0   entry10a.o
         0          0          0          0          0          0   entry11a.o
         8          4          0          0          0          0   entry2.o
         4          0          0          0          0          0   entry5.o
         0          0          0          0          0          0   entry7b.o
         0          0          0          0          0          0   entry8b.o
         8          4          0          0          0          0   entry9a.o
        30          0          0          0          0          0   handlers.o
        36          8          0          0          0         68   init.o
         0          0          0          0          0          0   iusefp.o
        32          0          0          0          0         68   llshl.o
        38          0          0          0          0         68   llsshr.o
        34          0          0          0          0         68   llushr.o
      2302        102          0          0          0        556   printfa.o
         0          0          0          4          0          0   stdout.o
        14          0          0          0          0         60   strlen.o
        44          0          0          0          0         72   uidiv.o
        96          0          0          0          0         84   uldiv.o
        40          2          0          0          0         68   cdrcmple.o
       356          4          0          0          0        140   dadd.o
       240          6          0          0          0         84   ddiv.o
       236          0          0          0          0        216   depilogue.o
        64         10          0          0          0         68   dfixul.o
       208          6          0          0          0         88   dmul.o
        40          0          0          0          0         60   f2d.o
       178          0          0          0          0        108   fadd.o
       124          0          0          0          0         72   fdiv.o
       130          0          0          0          0        144   fepilogue.o
        50          0          0          0          0         60   ffixi.o
        14          0          0          0          0         68   ffltui.o
       122          0          0          0          0         72   fmul.o

    ----------------------------------------------------------------------
      4450        146          0          4          0       2292   Library Totals
         2          0          0          0          0          0   (incl. Padding)

    ----------------------------------------------------------------------

      Code (inc. data)   RO Data    RW Data    ZI Data      Debug   Library Name

      2646        118          0          4          0       1044   mc_p.l
      1802         28          0          0          0       1248   mf_p.l

    ----------------------------------------------------------------------
      4450        146          0          4          0       2292   Library Totals

    ----------------------------------------------------------------------

==============================================================================


      Code (inc. data)   RO Data    RW Data    ZI Data      Debug   

     15352       1488        220        148       5716     296557   Grand Totals
     15352       1488        220        148       5716     296557   ELF Image Totals
     15352       1488        220        148          0          0   ROM Totals

==============================================================================

    Total RO  Size (Code + RO Data)                15572 (  15.21kB)
    Total RW  Size (RW Data + ZI Data)              5864 (   5.73kB)
    Total ROM Size (Code + RO Data + RW Data)      15720 (  15.35kB)

==============================================================================

